Archive member included to satisfy reference by file (symbol)

e:/gd32/gd32embeddedbuilder_v1.5.2.30854/tools/nuclei_riscv_newlibc_prebuilt_win32_2022.04/gcc/bin/../lib/gcc/riscv-nuclei-elf/10.2.0/rv32imac/ilp32\libgcc.a(adddf3.o)
                              ./hardware/OLED.o (__adddf3)
e:/gd32/gd32embeddedbuilder_v1.5.2.30854/tools/nuclei_riscv_newlibc_prebuilt_win32_2022.04/gcc/bin/../lib/gcc/riscv-nuclei-elf/10.2.0/rv32imac/ilp32\libgcc.a(divdf3.o)
                              ./hardware/OLED.o (__divdf3)
e:/gd32/gd32embeddedbuilder_v1.5.2.30854/tools/nuclei_riscv_newlibc_prebuilt_win32_2022.04/gcc/bin/../lib/gcc/riscv-nuclei-elf/10.2.0/rv32imac/ilp32\libgcc.a(eqdf2.o)
                              ./hardware/OLED.o (__eqdf2)
e:/gd32/gd32embeddedbuilder_v1.5.2.30854/tools/nuclei_riscv_newlibc_prebuilt_win32_2022.04/gcc/bin/../lib/gcc/riscv-nuclei-elf/10.2.0/rv32imac/ilp32\libgcc.a(gedf2.o)
                              ./hardware/OLED.o (__gedf2)
e:/gd32/gd32embeddedbuilder_v1.5.2.30854/tools/nuclei_riscv_newlibc_prebuilt_win32_2022.04/gcc/bin/../lib/gcc/riscv-nuclei-elf/10.2.0/rv32imac/ilp32\libgcc.a(ledf2.o)
                              ./hardware/OLED.o (__ltdf2)
e:/gd32/gd32embeddedbuilder_v1.5.2.30854/tools/nuclei_riscv_newlibc_prebuilt_win32_2022.04/gcc/bin/../lib/gcc/riscv-nuclei-elf/10.2.0/rv32imac/ilp32\libgcc.a(muldf3.o)
                              ./hardware/OLED.o (__muldf3)
e:/gd32/gd32embeddedbuilder_v1.5.2.30854/tools/nuclei_riscv_newlibc_prebuilt_win32_2022.04/gcc/bin/../lib/gcc/riscv-nuclei-elf/10.2.0/rv32imac/ilp32\libgcc.a(subdf3.o)
                              ./hardware/OLED.o (__subdf3)
e:/gd32/gd32embeddedbuilder_v1.5.2.30854/tools/nuclei_riscv_newlibc_prebuilt_win32_2022.04/gcc/bin/../lib/gcc/riscv-nuclei-elf/10.2.0/rv32imac/ilp32\libgcc.a(fixdfsi.o)
                              ./hardware/OLED.o (__fixdfsi)
e:/gd32/gd32embeddedbuilder_v1.5.2.30854/tools/nuclei_riscv_newlibc_prebuilt_win32_2022.04/gcc/bin/../lib/gcc/riscv-nuclei-elf/10.2.0/rv32imac/ilp32\libgcc.a(fixunsdfsi.o)
                              ./hardware/OLED.o (__fixunsdfsi)
e:/gd32/gd32embeddedbuilder_v1.5.2.30854/tools/nuclei_riscv_newlibc_prebuilt_win32_2022.04/gcc/bin/../lib/gcc/riscv-nuclei-elf/10.2.0/rv32imac/ilp32\libgcc.a(floatsidf.o)
                              ./hardware/OLED.o (__floatsidf)
e:/gd32/gd32embeddedbuilder_v1.5.2.30854/tools/nuclei_riscv_newlibc_prebuilt_win32_2022.04/gcc/bin/../lib/gcc/riscv-nuclei-elf/10.2.0/rv32imac/ilp32\libgcc.a(floatunsidf.o)
                              ./hardware/OLED.o (__floatunsidf)
e:/gd32/gd32embeddedbuilder_v1.5.2.30854/tools/nuclei_riscv_newlibc_prebuilt_win32_2022.04/gcc/bin/../lib/gcc/riscv-nuclei-elf/10.2.0/rv32imac/ilp32\libgcc.a(addsf3.o)
                              ./hardware/OLED.o (__addsf3)
e:/gd32/gd32embeddedbuilder_v1.5.2.30854/tools/nuclei_riscv_newlibc_prebuilt_win32_2022.04/gcc/bin/../lib/gcc/riscv-nuclei-elf/10.2.0/rv32imac/ilp32\libgcc.a(lesf2.o)
                              ./hardware/OLED.o (__lesf2)
e:/gd32/gd32embeddedbuilder_v1.5.2.30854/tools/nuclei_riscv_newlibc_prebuilt_win32_2022.04/gcc/bin/../lib/gcc/riscv-nuclei-elf/10.2.0/rv32imac/ilp32\libgcc.a(floatsisf.o)
                              ./hardware/OLED.o (__floatsisf)
e:/gd32/gd32embeddedbuilder_v1.5.2.30854/tools/nuclei_riscv_newlibc_prebuilt_win32_2022.04/gcc/bin/../lib/gcc/riscv-nuclei-elf/10.2.0/rv32imac/ilp32\libgcc.a(truncdfsf2.o)
                              ./hardware/OLED.o (__truncdfsf2)
e:/gd32/gd32embeddedbuilder_v1.5.2.30854/tools/nuclei_riscv_newlibc_prebuilt_win32_2022.04/gcc/bin/../lib/gcc/riscv-nuclei-elf/10.2.0/rv32imac/ilp32\libgcc.a(_clzsi2.o)
                              e:/gd32/gd32embeddedbuilder_v1.5.2.30854/tools/nuclei_riscv_newlibc_prebuilt_win32_2022.04/gcc/bin/../lib/gcc/riscv-nuclei-elf/10.2.0/rv32imac/ilp32\libgcc.a(adddf3.o) (__clzsi2)
e:/gd32/gd32embeddedbuilder_v1.5.2.30854/tools/nuclei_riscv_newlibc_prebuilt_win32_2022.04/gcc/bin/../lib/gcc/riscv-nuclei-elf/10.2.0/rv32imac/ilp32\libgcc.a(_clz.o)
                              e:/gd32/gd32embeddedbuilder_v1.5.2.30854/tools/nuclei_riscv_newlibc_prebuilt_win32_2022.04/gcc/bin/../lib/gcc/riscv-nuclei-elf/10.2.0/rv32imac/ilp32\libgcc.a(_clzsi2.o) (__clz_tab)
e:/gd32/gd32embeddedbuilder_v1.5.2.30854/tools/nuclei_riscv_newlibc_prebuilt_win32_2022.04/gcc/bin/../lib/gcc/riscv-nuclei-elf/10.2.0/../../../../riscv-nuclei-elf/lib/rv32imac/ilp32\libg_nano.a(lib_a-atexit.o)
                              ./Firmware/RISCV/env_Eclipse/start.o (atexit)
e:/gd32/gd32embeddedbuilder_v1.5.2.30854/tools/nuclei_riscv_newlibc_prebuilt_win32_2022.04/gcc/bin/../lib/gcc/riscv-nuclei-elf/10.2.0/../../../../riscv-nuclei-elf/lib/rv32imac/ilp32\libg_nano.a(lib_a-fini.o)
                              ./Firmware/RISCV/env_Eclipse/start.o (__libc_fini_array)
[...]
Memory Configuration

Name             Origin             Length             Attributes
flash            0x0000000008000000 0x0000000000400000 axrl !w
ram              0x0000000020000000 0x0000000000048000 axw !rl
*default*        0x0000000000000000 0xffffffffffffffff

Linker script and memory map

LOAD ./src/gd32vw553h_eval.o
LOAD ./src/gd32vw55x_it.o
LOAD ./src/main.o
LOAD ./src/systick.o
LOAD ./hardware/OLED.o
LOAD ./hardware/OLED_Data.o
LOAD ./hardware/img.o
LOAD ./Firmware/RISCV/stubs/_exit.o
LOAD ./Firmware/RISCV/stubs/close.o
LOAD ./Firmware/RISCV/stubs/fstat.o
LOAD ./Firmware/RISCV/stubs/isatty.o
LOAD ./Firmware/RISCV/stubs/lseek.o
LOAD ./Firmware/RISCV/stubs/read.o
LOAD ./Firmware/RISCV/stubs/sbrk.o
LOAD ./Firmware/RISCV/stubs/write.o
LOAD ./Firmware/RISCV/stubs/write_hex.o
LOAD ./Firmware/RISCV/env_Eclipse/entry.o
LOAD ./Firmware/RISCV/env_Eclipse/handlers.o
LOAD ./Firmware/RISCV/env_Eclipse/init.o
LOAD ./Firmware/RISCV/env_Eclipse/start.o
LOAD ./Firmware/RISCV/env_Eclipse/your_printf.o
LOAD ./Firmware/GD32VW55x_standard_peripheral/Source/gd32vw55x_adc.o
LOAD ./Firmware/GD32VW55x_standard_peripheral/Source/gd32vw55x_cau.o
LOAD ./Firmware/GD32VW55x_standard_peripheral/Source/gd32vw55x_cau_aes.o
LOAD ./Firmware/GD32VW55x_standard_peripheral/Source/gd32vw55x_cau_des.o
LOAD ./Firmware/GD32VW55x_standard_peripheral/Source/gd32vw55x_cau_tdes.o
LOAD ./Firmware/GD32VW55x_standard_peripheral/Source/gd32vw55x_crc.o
LOAD ./Firmware/GD32VW55x_standard_peripheral/Source/gd32vw55x_dbg.o
LOAD ./Firmware/GD32VW55x_standard_peripheral/Source/gd32vw55x_dma.o
LOAD ./Firmware/GD32VW55x_standard_peripheral/Source/gd32vw55x_eclic.o
LOAD ./Firmware/GD32VW55x_standard_peripheral/Source/gd32vw55x_efuse.o
LOAD ./Firmware/GD32VW55x_standard_peripheral/Source/gd32vw55x_exti.o
LOAD ./Firmware/GD32VW55x_standard_peripheral/Source/gd32vw55x_fmc.o
LOAD ./Firmware/GD32VW55x_standard_peripheral/Source/gd32vw55x_fwdgt.o
LOAD ./Firmware/GD32VW55x_standard_peripheral/Source/gd32vw55x_gpio.o
LOAD ./Firmware/GD32VW55x_standard_peripheral/Source/gd32vw55x_hau.o
LOAD ./Firmware/GD32VW55x_standard_peripheral/Source/gd32vw55x_hau_sha_md5.o
LOAD ./Firmware/GD32VW55x_standard_peripheral/Source/gd32vw55x_i2c.o
LOAD ./Firmware/GD32VW55x_standard_peripheral/Source/gd32vw55x_pkcau.o
LOAD ./Firmware/GD32VW55x_standard_peripheral/Source/gd32vw55x_pmu.o
LOAD ./Firmware/GD32VW55x_standard_peripheral/Source/gd32vw55x_qspi.o
LOAD ./Firmware/GD32VW55x_standard_peripheral/Source/gd32vw55x_rcu.o
LOAD ./Firmware/GD32VW55x_standard_peripheral/Source/gd32vw55x_rtc.o
LOAD ./Firmware/GD32VW55x_standard_peripheral/Source/gd32vw55x_spi.o
LOAD ./Firmware/GD32VW55x_standard_peripheral/Source/gd32vw55x_syscfg.o
LOAD ./Firmware/GD32VW55x_standard_peripheral/Source/gd32vw55x_timer.o
LOAD ./Firmware/GD32VW55x_standard_peripheral/Source/gd32vw55x_trng.o
LOAD ./Firmware/GD32VW55x_standard_peripheral/Source/gd32vw55x_usart.o
LOAD ./Firmware/GD32VW55x_standard_peripheral/Source/gd32vw55x_wwdgt.o
LOAD ./Firmware/GD32VW55x_standard_peripheral/system_gd32vw55x.o
LOAD e:/gd32/gd32embeddedbuilder_v1.5.2.30854/tools/nuclei_riscv_newlibc_prebuilt_win32_2022.04/gcc/bin/../lib/gcc/riscv-nuclei-elf/10.2.0/rv32imac/ilp32\libgcc.a
LOAD e:/gd32/gd32embeddedbuilder_v1.5.2.30854/tools/nuclei_riscv_newlibc_prebuilt_win32_2022.04/gcc/bin/../lib/gcc/riscv-nuclei-elf/10.2.0/../../../../riscv-nuclei-elf/lib/rv32imac/ilp32\libg_nano.a
LOAD e:/gd32/gd32embeddedbuilder_v1.5.2.30854/tools/nuclei_riscv_newlibc_prebuilt_win32_2022.04/gcc/bin/../lib/gcc/riscv-nuclei-elf/10.2.0/../../../../riscv-nuclei-elf/lib/rv32imac/ilp32\libc_nano.a
LOAD e:/gd32/gd32embeddedbuilder_v1.5.2.30854/tools/nuclei_riscv_newlibc_prebuilt_win32_2022.04/gcc/bin/../lib/gcc/riscv-nuclei-elf/10.2.0/rv32imac/ilp32\libgcc.a
START GROUP
LOAD e:/gd32/gd32embeddedbuilder_v1.5.2.30854/tools/nuclei_riscv_newlibc_prebuilt_win32_2022.04/gcc/bin/../lib/gcc/riscv-nuclei-elf/10.2.0/rv32imac/ilp32\libgcc.a
LOAD e:/gd32/gd32embeddedbuilder_v1.5.2.30854/tools/nuclei_riscv_newlibc_prebuilt_win32_2022.04/gcc/bin/../lib/gcc/riscv-nuclei-elf/10.2.0/../../../../riscv-nuclei-elf/lib/rv32imac/ilp32\libc_nano.a
LOAD e:/gd32/gd32embeddedbuilder_v1.5.2.30854/tools/nuclei_riscv_newlibc_prebuilt_win32_2022.04/gcc/bin/../lib/gcc/riscv-nuclei-elf/10.2.0/../../../../riscv-nuclei-elf/lib/rv32imac/ilp32\libnosys.a
END GROUP
START GROUP
LOAD e:/gd32/gd32embeddedbuilder_v1.5.2.30854/tools/nuclei_riscv_newlibc_prebuilt_win32_2022.04/gcc/bin/../lib/gcc/riscv-nuclei-elf/10.2.0/rv32imac/ilp32\libgcc.a
LOAD e:/gd32/gd32embeddedbuilder_v1.5.2.30854/tools/nuclei_riscv_newlibc_prebuilt_win32_2022.04/gcc/bin/../lib/gcc/riscv-nuclei-elf/10.2.0/../../../../riscv-nuclei-elf/lib/rv32imac/ilp32\libc_nano.a
LOAD e:/gd32/gd32embeddedbuilder_v1.5.2.30854/tools/nuclei_riscv_newlibc_prebuilt_win32_2022.04/gcc/bin/../lib/gcc/riscv-nuclei-elf/10.2.0/../../../../riscv-nuclei-elf/lib/rv32imac/ilp32\libnosys.a
END GROUP
                0x0000000000000800                __stack_size = DEFINED (__stack_size)?__stack_size:0x800

.init           0x0000000008000000      0x290
 *(SORT_NONE(.init))
 .init          0x0000000008000000      0x290 ./Firmware/RISCV/env_Eclipse/start.o
                0x00000000080001d0                _start

.ilalign        0x0000000008000290        0x0
                0x0000000008000290                . = ALIGN (0x4)
                [!provide]                        PROVIDE (_ilm_lma = .)

.ialign         0x0000000008000290        0x0
                [!provide]                        PROVIDE (_ilm = .)

.text           0x00000000080002c0     0xe57a
 *(.rodata .rodata.*)
 .rodata.IMG_DATA1
                0x00000000080002c0      0x400 ./hardware/img.o
                0x00000000080002c0                IMG_DATA1
 .rodata.IMG_DATA2
                0x00000000080006c0      0x400 ./hardware/img.o
                0x00000000080006c0                IMG_DATA2
 .rodata.IMG_DATA3
                0x0000000008000ac0      0x400 ./hardware/img.o
                0x0000000008000ac0                IMG_DATA3
 .rodata.IMG_DATA4
                0x0000000008000ec0      0x400 ./hardware/img.o
                0x0000000008000ec0                IMG_DATA4
 .rodata.IMG_DATA5
                0x00000000080012c0      0x400 ./hardware/img.o
                0x00000000080012c0                IMG_DATA5
 .rodata.IMG_DATA6
                0x00000000080016c0      0x400 ./hardware/img.o
                0x00000000080016c0                IMG_DATA6
 .rodata.IMG_DATA7
                0x0000000008001ac0      0x400 ./hardware/img.o
                0x0000000008001ac0                IMG_DATA7
 .rodata.IMG_DATA8
                0x0000000008001ec0      0x400 ./hardware/img.o
                0x0000000008001ec0                IMG_DATA8
 .rodata.IMG_DATA9
                0x00000000080022c0      0x400 ./hardware/img.o
                0x00000000080022c0                IMG_DATA9
 .rodata.IMG_DATA10
                0x00000000080026c0      0x400 ./hardware/img.o
                0x00000000080026c0                IMG_DATA10
 .rodata.IMG_DATA11
                0x0000000008002ac0      0x400 ./hardware/img.o
                0x0000000008002ac0                IMG_DATA11
 .rodata.IMG_DATA12
                0x0000000008002ec0      0x400 ./hardware/img.o
                0x0000000008002ec0                IMG_DATA12
 .rodata.IMG_DATA13
                0x00000000080032c0      0x400 ./hardware/img.o
                0x00000000080032c0                IMG_DATA13
 .rodata.IMG_DATA14
                0x00000000080036c0      0x400 ./hardware/img.o
                0x00000000080036c0                IMG_DATA14
 .rodata.IMG_DATA15
                0x0000000008003ac0      0x400 ./hardware/img.o
                0x0000000008003ac0                IMG_DATA15
 .rodata.IMG_DATA16
                0x0000000008003ec0      0x400 ./hardware/img.o
                0x0000000008003ec0                IMG_DATA16
 .rodata.IMG_DATA17
                0x00000000080042c0      0x400 ./hardware/img.o
                0x00000000080042c0                IMG_DATA17
 .rodata.IMG_DATA18
                0x00000000080046c0      0x400 ./hardware/img.o
                0x00000000080046c0                IMG_DATA18
 .rodata.IMG_DATA19
                0x0000000008004ac0      0x400 ./hardware/img.o
                0x0000000008004ac0                IMG_DATA19
 .rodata.IMG_DATA20
                0x0000000008004ec0      0x400 ./hardware/img.o
                0x0000000008004ec0                IMG_DATA20
 .rodata.IMG_DATA21
                0x00000000080052c0      0x400 ./hardware/img.o
                0x00000000080052c0                IMG_DATA21
 .rodata.IMG_DATA22
                0x00000000080056c0      0x400 ./hardware/img.o
                0x00000000080056c0                IMG_DATA22
 .rodata.IMG_DATA23
                0x0000000008005ac0      0x400 ./hardware/img.o
                0x0000000008005ac0                IMG_DATA23
 .rodata.IMG_DATA24
                0x0000000008005ec0      0x400 ./hardware/img.o
                0x0000000008005ec0                IMG_DATA24
 .rodata.IMG_DATA25
                0x00000000080062c0      0x400 ./hardware/img.o
                0x00000000080062c0                IMG_DATA25
 .rodata.IMG_DATA26
                0x00000000080066c0      0x400 ./hardware/img.o
                0x00000000080066c0                IMG_DATA26
 .rodata.IMG_DATA27
                0x0000000008006ac0      0x400 ./hardware/img.o
                0x0000000008006ac0                IMG_DATA27
 .rodata.IMG_DATA28
                0x0000000008006ec0      0x400 ./hardware/img.o
                0x0000000008006ec0                IMG_DATA28
 .rodata.IMG_DATA29
                0x00000000080072c0      0x400 ./hardware/img.o
                0x00000000080072c0                IMG_DATA29
 .rodata.IMG_DATA30
                0x00000000080076c0      0x400 ./hardware/img.o
                0x00000000080076c0                IMG_DATA30
 .rodata.IMG_DATA31
                0x0000000008007ac0      0x400 ./hardware/img.o
                0x0000000008007ac0                IMG_DATA31
 .rodata.IMG_DATA32
                0x0000000008007ec0      0x400 ./hardware/img.o
                0x0000000008007ec0                IMG_DATA32
 .rodata.IMG_DATA33
                0x00000000080082c0      0x400 ./hardware/img.o
                0x00000000080082c0                IMG_DATA33
 .rodata.IMG_DATA34
                0x00000000080086c0      0x400 ./hardware/img.o
                0x00000000080086c0                IMG_DATA34
 .rodata.IMG_DATA35
                0x0000000008008ac0      0x400 ./hardware/img.o
                0x0000000008008ac0                IMG_DATA35
 .rodata.IMG_DATA36
                0x0000000008008ec0      0x400 ./hardware/img.o
                0x0000000008008ec0                IMG_DATA36
 .rodata.IMG_DATA37
                0x00000000080092c0      0x400 ./hardware/img.o
                0x00000000080092c0                IMG_DATA37
 .rodata.IMG_DATA38
                0x00000000080096c0      0x400 ./hardware/img.o
                0x00000000080096c0                IMG_DATA38
 .rodata.IMG_DATA39
                0x0000000008009ac0      0x400 ./hardware/img.o
                0x0000000008009ac0                IMG_DATA39
 .rodata.IMG_DATA40
                0x0000000008009ec0      0x400 ./hardware/img.o
                0x0000000008009ec0                IMG_DATA40
 .rodata.IMG_DATA41
                0x000000000800a2c0      0x400 ./hardware/img.o
                0x000000000800a2c0                IMG_DATA41
 .rodata.IMG_DATA42
                0x000000000800a6c0      0x400 ./hardware/img.o
                0x000000000800a6c0                IMG_DATA42
 .rodata.IMG_DATA43
                0x000000000800aac0      0x400 ./hardware/img.o
                0x000000000800aac0                IMG_DATA43
 .rodata.IMG_DATA44
                0x000000000800aec0      0x400 ./hardware/img.o
                0x000000000800aec0                IMG_DATA44
 .rodata.IMG_DATA45
                0x000000000800b2c0      0x400 ./hardware/img.o
                0x000000000800b2c0                IMG_DATA45
 .rodata.IMG_DATA46
                0x000000000800b6c0      0x400 ./hardware/img.o
                0x000000000800b6c0                IMG_DATA46
 .rodata.IMG_DATA47
                0x000000000800bac0      0x400 ./hardware/img.o
                0x000000000800bac0                IMG_DATA47
 .rodata.IMG_DATA48
                0x000000000800bec0      0x400 ./hardware/img.o
                0x000000000800bec0                IMG_DATA48
 .rodata.IMG_DATA49
                0x000000000800c2c0      0x400 ./hardware/img.o
                0x000000000800c2c0                IMG_DATA49
 .rodata.IMG_DATA50
                0x000000000800c6c0      0x400 ./hardware/img.o
                0x000000000800c6c0                IMG_DATA50
 *(.text.unlikely .text.unlikely.*)
 *(.text.startup .text.startup.*)
 *(.text .text.*)
 .text.eclic_mtip_handler
                0x000000000800cac0       0x4e ./src/gd32vw55x_it.o
                0x000000000800cac0                eclic_mtip_handler
 .text.main     0x000000000800cb0e       0x18 ./src/main.o
                0x000000000800cb0e                main
 .text.systick_config
                0x000000000800cb26       0xe6 ./src/systick.o
                0x000000000800cb26                systick_config
 .text.delay_1ms
                0x000000000800cc0c       0x30 ./src/systick.o
                0x000000000800cc0c                delay_1ms
 .text.delay_decrement
                0x000000000800cc3c       0x32 ./src/systick.o
                0x000000000800cc3c                delay_decrement
 .text.gpio_write_bit
                0x000000000800cc6e       0x40 ./hardware/OLED.o
                0x000000000800cc6e                gpio_write_bit
 .text.OLED_W_SCL
                0x000000000800ccae       0x26 ./hardware/OLED.o
                0x000000000800ccae                OLED_W_SCL
 .text.OLED_W_SDA
                0x000000000800ccd4       0x26 ./hardware/OLED.o
                0x000000000800ccd4                OLED_W_SDA
 .text.OLED_GPIO_Init
                0x000000000800ccfa       0x78 ./hardware/OLED.o
                0x000000000800ccfa                OLED_GPIO_Init
 .text.OLED_I2C_Start
                0x000000000800cd72       0x22 ./hardware/OLED.o
                0x000000000800cd72                OLED_I2C_Start
 .text.OLED_I2C_Stop
                0x000000000800cd94       0x1e ./hardware/OLED.o
                0x000000000800cd94                OLED_I2C_Stop
 .text.OLED_I2C_SendByte
                0x000000000800cdb2       0x60 ./hardware/OLED.o
                0x000000000800cdb2                OLED_I2C_SendByte
 .text.OLED_WriteCommand
                0x000000000800ce12       0x2e ./hardware/OLED.o
                0x000000000800ce12                OLED_WriteCommand
 .text.OLED_WriteData
                0x000000000800ce40       0x5a ./hardware/OLED.o
                0x000000000800ce40                OLED_WriteData
 .text.OLED_Init
                0x000000000800ce9a       0x9c ./hardware/OLED.o
                0x000000000800ce9a                OLED_Init
 .text.OLED_SetCursor
                0x000000000800cf36       0x54 ./hardware/OLED.o
                0x000000000800cf36                OLED_SetCursor
 .text.OLED_Update
                0x000000000800cf8a       0x52 ./hardware/OLED.o
                0x000000000800cf8a                OLED_Update
 .text.OLED_Clear
                0x000000000800cfdc       0x5c ./hardware/OLED.o
                0x000000000800cfdc                OLED_Clear
 .text.OLED_ClearArea
                0x000000000800d038      0x12e ./hardware/OLED.o
                0x000000000800d038                OLED_ClearArea
 .text.OLED_ShowImage
                0x000000000800d166      0x262 ./hardware/OLED.o
                0x000000000800d166                OLED_ShowImage
 .text.gif      0x000000000800d3c8      0x770 ./hardware/img.o
                0x000000000800d3c8                gif
 *fill*         0x000000000800db38        0x8 
 .text.trap     0x000000000800db40       0x7c ./Firmware/RISCV/env_Eclipse/entry.o
                0x000000000800db40                exc_entry
 *fill*         0x000000000800dbbc        0x0 
 .text.irq      0x000000000800dbbc       0x76 ./Firmware/RISCV/env_Eclipse/entry.o
                0x000000000800dbbc                irq_entry
                0x000000000800dc2e                default_intexc_handler
 .text.system_default_exception_handler
                0x000000000800dc32       0x18 ./Firmware/RISCV/env_Eclipse/handlers.o
 .text.nmi_handler
                0x000000000800dc4a       0x18 ./Firmware/RISCV/env_Eclipse/handlers.o
                0x000000000800dc4a                nmi_handler
 .text.Exception_Init
                0x000000000800dc62       0x40 ./Firmware/RISCV/env_Eclipse/handlers.o
                0x000000000800dc62                Exception_Init
 .text.Exception_Register_EXC
                0x000000000800dca2       0x4a ./Firmware/RISCV/env_Eclipse/handlers.o
                0x000000000800dca2                Exception_Register_EXC
 .text.core_exception_handler
                0x000000000800dcec       0x80 ./Firmware/RISCV/env_Eclipse/handlers.o
                0x000000000800dcec                core_exception_handler
 .text.Exception_DumpFrame
                0x000000000800dd6c       0x12 ./Firmware/RISCV/env_Eclipse/handlers.o
                0x000000000800dd6c                Exception_DumpFrame
 .text._premain_init
                0x000000000800dd7e       0x44 ./Firmware/RISCV/env_Eclipse/init.o
                0x000000000800dd7e                _premain_init
 .text._postmain_fini
                0x000000000800ddc2       0x12 ./Firmware/RISCV/env_Eclipse/init.o
                0x000000000800ddc2                _postmain_fini
 .text._init    0x000000000800ddd4        0xe ./Firmware/RISCV/env_Eclipse/init.o
                0x000000000800ddd4                _init
 .text._fini    0x000000000800dde2        0xe ./Firmware/RISCV/env_Eclipse/init.o
                0x000000000800dde2                _fini
 .text.eclic_global_interrupt_enable
                0x000000000800ddf0       0x1a ./Firmware/GD32VW55x_standard_peripheral/Source/gd32vw55x_eclic.o
                0x000000000800ddf0                eclic_global_interrupt_enable
 .text.eclic_level_threshold_set
                0x000000000800de0a       0x2a ./Firmware/GD32VW55x_standard_peripheral/Source/gd32vw55x_eclic.o
                0x000000000800de0a                eclic_level_threshold_set
 .text.eclic_priority_group_set
                0x000000000800de34       0x76 ./Firmware/GD32VW55x_standard_peripheral/Source/gd32vw55x_eclic.o
                0x000000000800de34                eclic_priority_group_set
 .text.eclic_irq_enable
                0x000000000800deaa      0x27a ./Firmware/GD32VW55x_standard_peripheral/Source/gd32vw55x_eclic.o
                0x000000000800deaa                eclic_irq_enable
 .text.gpio_mode_set
                0x000000000800e124       0xdc ./Firmware/GD32VW55x_standard_peripheral/Source/gd32vw55x_gpio.o
                0x000000000800e124                gpio_mode_set
 .text.gpio_output_options_set
                0x000000000800e200       0xd6 ./Firmware/GD32VW55x_standard_peripheral/Source/gd32vw55x_gpio.o
                0x000000000800e200                gpio_output_options_set
 .text.gpio_bit_set
                0x000000000800e2d6       0x24 ./Firmware/GD32VW55x_standard_peripheral/Source/gd32vw55x_gpio.o
                0x000000000800e2d6                gpio_bit_set
 .text.gpio_bit_reset
                0x000000000800e2fa       0x26 ./Firmware/GD32VW55x_standard_peripheral/Source/gd32vw55x_gpio.o
                0x000000000800e2fa                gpio_bit_reset
 .text.rcu_periph_clock_enable
                0x000000000800e320       0x48 ./Firmware/GD32VW55x_standard_peripheral/Source/gd32vw55x_rcu.o
                0x000000000800e320                rcu_periph_clock_enable
 .text._soft_delay_
                0x000000000800e368       0x3a ./Firmware/GD32VW55x_standard_peripheral/system_gd32vw55x.o
 .text.SystemInit
                0x000000000800e3a2      0x182 ./Firmware/GD32VW55x_standard_peripheral/system_gd32vw55x.o
                0x000000000800e3a2                SystemInit
 .text.system_clock_config
                0x000000000800e524       0x14 ./Firmware/GD32VW55x_standard_peripheral/system_gd32vw55x.o
 .text.system_clock_160m_hxtal
                0x000000000800e538      0x1ec ./Firmware/GD32VW55x_standard_peripheral/system_gd32vw55x.o
 .text.atexit   0x000000000800e724        0xa e:/gd32/gd32embeddedbuilder_v1.5.2.30854/tools/nuclei_riscv_newlibc_prebuilt_win32_2022.04/gcc/bin/../lib/gcc/riscv-nuclei-elf/10.2.0/../../../../riscv-nuclei-elf/lib/rv32imac/ilp32\libg_nano.a(lib_a-atexit.o)
                0x000000000800e724                atexit
 .text.__libc_fini_array
                0x000000000800e72e       0x36 e:/gd32/gd32embeddedbuilder_v1.5.2.30854/tools/nuclei_riscv_newlibc_prebuilt_win32_2022.04/gcc/bin/../lib/gcc/riscv-nuclei-elf/10.2.0/../../../../riscv-nuclei-elf/lib/rv32imac/ilp32\libg_nano.a(lib_a-fini.o)
                0x000000000800e72e                __libc_fini_array
 .text.__libc_init_array
                0x000000000800e764       0x5e e:/gd32/gd32embeddedbuilder_v1.5.2.30854/tools/nuclei_riscv_newlibc_prebuilt_win32_2022.04/gcc/bin/../lib/gcc/riscv-nuclei-elf/10.2.0/../../../../riscv-nuclei-elf/lib/rv32imac/ilp32\libg_nano.a(lib_a-init.o)
                0x000000000800e764                __libc_init_array
 .text.__register_exitproc
                0x000000000800e7c2       0x78 e:/gd32/gd32embeddedbuilder_v1.5.2.30854/tools/nuclei_riscv_newlibc_prebuilt_win32_2022.04/gcc/bin/../lib/gcc/riscv-nuclei-elf/10.2.0/../../../../riscv-nuclei-elf/lib/rv32imac/ilp32\libg_nano.a(lib_a-__atexit.o)
                0x000000000800e7c2                __register_exitproc
 *(.gnu.linkonce.t.*)

.rela.dyn       0x000000000800e83c        0x0
 .rela.init     0x000000000800e83c        0x0 ./src/gd32vw55x_it.o
 .rela.text.__libc_fini_array
                0x000000000800e83c        0x0 ./src/gd32vw55x_it.o
 .rela.text.__libc_init_array
                0x000000000800e83c        0x0 ./src/gd32vw55x_it.o
 .rela.text.__register_exitproc
                0x000000000800e83c        0x0 ./src/gd32vw55x_it.o

.fini
 *(SORT_NONE(.fini))
                0x000000000800e83c                . = ALIGN (0x4)
                [!provide]                        PROVIDE (__etext = .)
                [!provide]                        PROVIDE (_etext = .)
                [!provide]                        PROVIDE (etext = .)
                [!provide]                        PROVIDE (_eilm = .)

.preinit_array  0x000000000800e83a        0x0
                0x000000000800e83a                PROVIDE (__preinit_array_start = .)
 *(.preinit_array)
                0x000000000800e83a                PROVIDE (__preinit_array_end = .)

.init_array     0x000000000800e83a        0x0
                0x000000000800e83a                PROVIDE (__init_array_start = .)
 *(SORT_BY_INIT_PRIORITY(.init_array.*) SORT_BY_INIT_PRIORITY(.ctors.*))
 *(.init_array EXCLUDE_FILE(*crtend?.o *crtend.o *crtbegin?.o *crtbegin.o) .ctors)
                0x000000000800e83a                PROVIDE (__init_array_end = .)

.fini_array     0x000000000800e83a        0x0
                0x000000000800e83a                PROVIDE (__fini_array_start = .)
 *(SORT_BY_INIT_PRIORITY(.fini_array.*) SORT_BY_INIT_PRIORITY(.dtors.*))
 *(.fini_array EXCLUDE_FILE(*crtend?.o *crtend.o *crtbegin?.o *crtbegin.o) .dtors)
                0x000000000800e83a                PROVIDE (__fini_array_end = .)

.ctors
 *crtbegin.o(.ctors)
 *crtbegin?.o(.ctors)
 *(EXCLUDE_FILE(*crtend?.o *crtend.o) .ctors)
 *(SORT_BY_NAME(.ctors.*))
 *(.ctors)

.dtors
 *crtbegin.o(.dtors)
 *crtbegin?.o(.dtors)
 *(EXCLUDE_FILE(*crtend?.o *crtend.o) .dtors)
 *(SORT_BY_NAME(.dtors.*))
 *(.dtors)
                0x000000000800e83c                . = ALIGN (0x4)
                [!provide]                        PROVIDE (_eilm = .)

.lalign         0x000000000800e83a        0x2
                0x000000000800e83c                . = ALIGN (0x4)
 *fill*         0x000000000800e83a        0x2 
                0x000000000800e83c                PROVIDE (_data_lma = .)

.dalign         0x0000000020000000        0x0 load address 0x000000000800e83c
                0x0000000020000000                . = ALIGN (0x4)
                0x0000000020000000                PROVIDE (_data = .)

.data           0x0000000020000000        0x8 load address 0x000000000800e83c
 *(.rdata)
 *(.gnu.linkonce.r.*)
 *(.data .data.*)
 *(.gnu.linkonce.d.*)
                0x0000000020000000                . = ALIGN (0x8)
                0x0000000020000800                PROVIDE (__global_pointer$ = (. + 0x800))
 *(.sdata .sdata.*)
 .sdata.SystemCoreClock
                0x0000000020000000        0x4 ./Firmware/GD32VW55x_standard_peripheral/system_gd32vw55x.o
                0x0000000020000000                SystemCoreClock
 *(.gnu.linkonce.s.*)
                0x0000000020000008                . = ALIGN (0x8)
 *fill*         0x0000000020000004        0x4 
 *(.srodata.cst16)
 *(.srodata.cst8)
 *(.srodata.cst4)
 *(.srodata.cst2)
 *(.srodata .srodata.*)
                0x0000000020000008                . = ALIGN (0x4)
                0x0000000020000008                PROVIDE (_edata = .)
                [!provide]                        PROVIDE (edata = .)
                [!provide]                        PROVIDE (_fbss = .)
                0x0000000020000008                PROVIDE (__bss_start = .)

.bss            0x0000000020000008      0x4c8
 *(.sbss*)
 .sbss.delay    0x0000000020000008        0x4 ./src/systick.o
 .sbss._global_atexit
                0x000000002000000c        0x4 e:/gd32/gd32embeddedbuilder_v1.5.2.30854/tools/nuclei_riscv_newlibc_prebuilt_win32_2022.04/gcc/bin/../lib/gcc/riscv-nuclei-elf/10.2.0/../../../../riscv-nuclei-elf/lib/rv32imac/ilp32\libg_nano.a(lib_a-__call_atexit.o)
                0x000000002000000c                _global_atexit
 *(.gnu.linkonce.sb.*)
 *(.bss .bss.*)
 .bss.OLED_DisplayBuf
                0x0000000020000010      0x400 ./hardware/OLED.o
                0x0000000020000010                OLED_DisplayBuf
 .bss.SystemExceptionHandlers
                0x0000000020000410       0x34 ./Firmware/RISCV/env_Eclipse/handlers.o
 .bss._global_atexit0
                0x0000000020000444       0x8c e:/gd32/gd32embeddedbuilder_v1.5.2.30854/tools/nuclei_riscv_newlibc_prebuilt_win32_2022.04/gcc/bin/../lib/gcc/riscv-nuclei-elf/10.2.0/../../../../riscv-nuclei-elf/lib/rv32imac/ilp32\libg_nano.a(lib_a-__atexit.o)
 *(.gnu.linkonce.b.*)
 *(COMMON)
                0x00000000200004d0                . = ALIGN (0x4)
                0x00000000200004d0                . = ALIGN (0x8)
                0x00000000200004d0                PROVIDE (_end = .)
                [!provide]                        PROVIDE (end = .)

.stack          0x0000000020047800      0x800 load address 0x00000000200004d0
                0x0000000020047800                PROVIDE (_heap_end = .)
                0x0000000000000800                . = __stack_size
 *fill*         0x0000000020047800      0x800 
                0x0000000020048000                PROVIDE (_sp = .)
OUTPUT(vw553.elf elf32-littleriscv)

.debug_info     0x0000000000000000     0x45c9
 .debug_info    0x0000000000000000      0x3f3 ./src/gd32vw55x_it.o
 .debug_info    0x00000000000003f3       0x94 ./src/main.o
 .debug_info    0x0000000000000487      0x5a0 ./src/systick.o
 .debug_info    0x0000000000000a27     0x1272 ./hardware/OLED.o
 .debug_info    0x0000000000001c99      0x4b1 ./hardware/img.o
 .debug_info    0x000000000000214a       0x22 ./Firmware/RISCV/env_Eclipse/entry.o
 .debug_info    0x000000000000216c      0x29c ./Firmware/RISCV/env_Eclipse/handlers.o
 .debug_info    0x0000000000002408      0x1df ./Firmware/RISCV/env_Eclipse/init.o
 .debug_info    0x00000000000025e7       0x26 ./Firmware/RISCV/env_Eclipse/start.o
 .debug_info    0x000000000000260d      0x94a ./Firmware/GD32VW55x_standard_peripheral/Source/gd32vw55x_eclic.o
 .debug_info    0x0000000000002f57      0x5b9 ./Firmware/GD32VW55x_standard_peripheral/Source/gd32vw55x_gpio.o
 .debug_info    0x0000000000003510      0xe3d ./Firmware/GD32VW55x_standard_peripheral/Source/gd32vw55x_rcu.o
 .debug_info    0x000000000000434d      0x27c ./Firmware/GD32VW55x_standard_peripheral/system_gd32vw55x.o

.debug_abbrev   0x0000000000000000     0x100f
 .debug_abbrev  0x0000000000000000      0x12a ./src/gd32vw55x_it.o
 .debug_abbrev  0x000000000000012a       0x49 ./src/main.o
 .debug_abbrev  0x0000000000000173      0x1ca ./src/systick.o
 .debug_abbrev  0x000000000000033d      0x246 ./hardware/OLED.o
 .debug_abbrev  0x0000000000000583       0xc2 ./hardware/img.o
 .debug_abbrev  0x0000000000000645       0x12 ./Firmware/RISCV/env_Eclipse/entry.o
 .debug_abbrev  0x0000000000000657      0x167 ./Firmware/RISCV/env_Eclipse/handlers.o
 .debug_abbrev  0x00000000000007be      0x145 ./Firmware/RISCV/env_Eclipse/init.o
 .debug_abbrev  0x0000000000000903       0x14 ./Firmware/RISCV/env_Eclipse/start.o
 .debug_abbrev  0x0000000000000917      0x226 ./Firmware/GD32VW55x_standard_peripheral/Source/gd32vw55x_eclic.o
 .debug_abbrev  0x0000000000000b3d      0x1a2 ./Firmware/GD32VW55x_standard_peripheral/Source/gd32vw55x_gpio.o
 .debug_abbrev  0x0000000000000cdf      0x1c7 ./Firmware/GD32VW55x_standard_peripheral/Source/gd32vw55x_rcu.o
 .debug_abbrev  0x0000000000000ea6      0x169 ./Firmware/GD32VW55x_standard_peripheral/system_gd32vw55x.o

.debug_aranges  0x0000000000000000      0x578
 .debug_aranges
                0x0000000000000000       0x20 ./src/gd32vw55x_it.o
 .debug_aranges
                0x0000000000000020       0x20 ./src/main.o
 .debug_aranges
                0x0000000000000040       0x30 ./src/systick.o
 .debug_aranges
                0x0000000000000070      0x150 ./hardware/OLED.o
 .debug_aranges
                0x00000000000001c0       0x20 ./hardware/img.o
 .debug_aranges
                0x00000000000001e0       0x28 ./Firmware/RISCV/env_Eclipse/entry.o
 .debug_aranges
                0x0000000000000208       0x50 ./Firmware/RISCV/env_Eclipse/handlers.o
 .debug_aranges
                0x0000000000000258       0x38 ./Firmware/RISCV/env_Eclipse/init.o
 .debug_aranges
                0x0000000000000290       0x20 ./Firmware/RISCV/env_Eclipse/start.o
 .debug_aranges
                0x00000000000002b0       0x50 ./Firmware/GD32VW55x_standard_peripheral/Source/gd32vw55x_eclic.o
 .debug_aranges
                0x0000000000000300       0x90 ./Firmware/GD32VW55x_standard_peripheral/Source/gd32vw55x_gpio.o
 .debug_aranges
                0x0000000000000390      0x1a0 ./Firmware/GD32VW55x_standard_peripheral/Source/gd32vw55x_rcu.o
 .debug_aranges
                0x0000000000000530       0x48 ./Firmware/GD32VW55x_standard_peripheral/system_gd32vw55x.o

.debug_ranges   0x0000000000000000      0x4a0
 .debug_ranges  0x0000000000000000       0x10 ./src/gd32vw55x_it.o
 .debug_ranges  0x0000000000000010       0x10 ./src/main.o
 .debug_ranges  0x0000000000000020       0x20 ./src/systick.o
 .debug_ranges  0x0000000000000040      0x140 ./hardware/OLED.o
 .debug_ranges  0x0000000000000180       0x10 ./hardware/img.o
 .debug_ranges  0x0000000000000190       0x20 ./Firmware/RISCV/env_Eclipse/entry.o
 .debug_ranges  0x00000000000001b0       0x40 ./Firmware/RISCV/env_Eclipse/handlers.o
 .debug_ranges  0x00000000000001f0       0x28 ./Firmware/RISCV/env_Eclipse/init.o
 .debug_ranges  0x0000000000000218       0x40 ./Firmware/GD32VW55x_standard_peripheral/Source/gd32vw55x_eclic.o
 .debug_ranges  0x0000000000000258       0x80 ./Firmware/GD32VW55x_standard_peripheral/Source/gd32vw55x_gpio.o
 .debug_ranges  0x00000000000002d8      0x190 ./Firmware/GD32VW55x_standard_peripheral/Source/gd32vw55x_rcu.o
 .debug_ranges  0x0000000000000468       0x38 ./Firmware/GD32VW55x_standard_peripheral/system_gd32vw55x.o

.debug_macro    0x0000000000000000     0x45da
 .debug_macro   0x0000000000000000      0x36e ./src/gd32vw55x_it.o
 .debug_macro   0x000000000000036e      0x393 ./src/main.o
 .debug_macro   0x0000000000000701       0xb8 ./src/main.o
 .debug_macro   0x00000000000007b9       0x10 ./src/main.o
 .debug_macro   0x00000000000007c9       0x1c ./src/main.o
 .debug_macro   0x00000000000007e5      0x35a ./src/systick.o
 .debug_macro   0x0000000000000b3f      0x3bf ./hardware/OLED.o
 .debug_macro   0x0000000000000efe       0x16 ./hardware/OLED.o
 .debug_macro   0x0000000000000f14      0x19b ./hardware/OLED.o
 .debug_macro   0x00000000000010af       0x4c ./hardware/OLED.o
 .debug_macro   0x00000000000010fb       0x63 ./hardware/img.o
 .debug_macro   0x000000000000115e      0x356 ./Firmware/RISCV/env_Eclipse/handlers.o
 .debug_macro   0x00000000000014b4      0x350 ./Firmware/RISCV/env_Eclipse/init.o
 .debug_macro   0x0000000000001804      0x35e ./Firmware/GD32VW55x_standard_peripheral/Source/gd32vw55x_eclic.o
 .debug_macro   0x0000000000001b62       0x22 ./Firmware/GD32VW55x_standard_peripheral/Source/gd32vw55x_eclic.o
 .debug_macro   0x0000000000001b84      0x35a ./Firmware/GD32VW55x_standard_peripheral/Source/gd32vw55x_gpio.o
 .debug_macro   0x0000000000001ede      0x713 ./Firmware/GD32VW55x_standard_peripheral/Source/gd32vw55x_gpio.o
 .debug_macro   0x00000000000025f1      0x384 ./Firmware/GD32VW55x_standard_peripheral/Source/gd32vw55x_rcu.o
 .debug_macro   0x0000000000002975     0x18f1 ./Firmware/GD32VW55x_standard_peripheral/Source/gd32vw55x_rcu.o
 .debug_macro   0x0000000000004266      0x374 ./Firmware/GD32VW55x_standard_peripheral/system_gd32vw55x.o

.debug_line     0x0000000000000000     0x9ffa
 .debug_line    0x0000000000000000      0x7d7 ./src/gd32vw55x_it.o
 .debug_line    0x00000000000007d7      0x81d ./src/main.o
 .debug_line    0x0000000000000ff4      0x88a ./src/systick.o
 .debug_line    0x000000000000187e     0x2f3e ./hardware/OLED.o
 .debug_line    0x00000000000047bc      0x8f1 ./hardware/img.o
 .debug_line    0x00000000000050ad       0xbc ./Firmware/RISCV/env_Eclipse/entry.o
 .debug_line    0x0000000000005169      0x942 ./Firmware/RISCV/env_Eclipse/handlers.o
 .debug_line    0x0000000000005aab      0x832 ./Firmware/RISCV/env_Eclipse/init.o
 .debug_line    0x00000000000062dd      0x14e ./Firmware/RISCV/env_Eclipse/start.o
 .debug_line    0x000000000000642b      0xb03 ./Firmware/GD32VW55x_standard_peripheral/Source/gd32vw55x_eclic.o
 .debug_line    0x0000000000006f2e      0xd5e ./Firmware/GD32VW55x_standard_peripheral/Source/gd32vw55x_gpio.o
 .debug_line    0x0000000000007c8c     0x177f ./Firmware/GD32VW55x_standard_peripheral/Source/gd32vw55x_rcu.o
 .debug_line    0x000000000000940b      0xbef ./Firmware/GD32VW55x_standard_peripheral/system_gd32vw55x.o

.debug_str      0x0000000000000000    0x2fb2a
 .debug_str     0x0000000000000000    0x2d0e2 ./src/gd32vw55x_it.o
                                      0x2d326 (size before relaxing)
 .debug_str     0x000000000002d0e2      0x397 ./src/main.o
                                      0x2d117 (size before relaxing)
 .debug_str     0x000000000002d479      0x137 ./src/systick.o
                                      0x2d42b (size before relaxing)
 .debug_str     0x000000000002d5b0      0xe22 ./hardware/OLED.o
                                      0x2dcf0 (size before relaxing)
 .debug_str     0x000000000002e3d2      0x22f ./hardware/img.o
                                       0x37e9 (size before relaxing)
 .debug_str     0x000000000002e601       0x34 ./Firmware/RISCV/env_Eclipse/entry.o
                                         0x6e (size before relaxing)
 .debug_str     0x000000000002e635      0x1b4 ./Firmware/RISCV/env_Eclipse/handlers.o
                                      0x2cf3a (size before relaxing)
 .debug_str     0x000000000002e7e9       0x6e ./Firmware/RISCV/env_Eclipse/init.o
                                      0x2ceaf (size before relaxing)
 .debug_str     0x000000000002e857       0x26 ./Firmware/RISCV/env_Eclipse/start.o
                                         0x6e (size before relaxing)
 .debug_str     0x000000000002e87d      0x17b ./Firmware/GD32VW55x_standard_peripheral/Source/gd32vw55x_eclic.o
                                      0x2d545 (size before relaxing)
 .debug_str     0x000000000002e9f8      0x316 ./Firmware/GD32VW55x_standard_peripheral/Source/gd32vw55x_gpio.o
                                      0x2d0d4 (size before relaxing)
 .debug_str     0x000000000002ed0e      0xb15 ./Firmware/GD32VW55x_standard_peripheral/Source/gd32vw55x_rcu.o
                                      0x2dba7 (size before relaxing)
 .debug_str     0x000000000002f823      0x307 ./Firmware/GD32VW55x_standard_peripheral/system_gd32vw55x.o
                                      0x2d0ce (size before relaxing)

.comment        0x0000000000000000       0x12
 .comment       0x0000000000000000       0x12 ./src/gd32vw55x_it.o
                                         0x13 (size before relaxing)
 .comment       0x0000000000000012       0x13 ./src/main.o
 .comment       0x0000000000000012       0x13 ./src/systick.o
 .comment       0x0000000000000012       0x13 ./hardware/OLED.o
 .comment       0x0000000000000012       0x13 ./hardware/img.o
 .comment       0x0000000000000012       0x13 ./Firmware/RISCV/env_Eclipse/handlers.o
 .comment       0x0000000000000012       0x13 ./Firmware/RISCV/env_Eclipse/init.o
 .comment       0x0000000000000012       0x13 ./Firmware/GD32VW55x_standard_peripheral/Source/gd32vw55x_eclic.o
 .comment       0x0000000000000012       0x13 ./Firmware/GD32VW55x_standard_peripheral/Source/gd32vw55x_gpio.o
 .comment       0x0000000000000012       0x13 ./Firmware/GD32VW55x_standard_peripheral/Source/gd32vw55x_rcu.o
 .comment       0x0000000000000012       0x13 ./Firmware/GD32VW55x_standard_peripheral/system_gd32vw55x.o
 .comment       0x0000000000000012       0x13 e:/gd32/gd32embeddedbuilder_v1.5.2.30854/tools/nuclei_riscv_newlibc_prebuilt_win32_2022.04/gcc/bin/../lib/gcc/riscv-nuclei-elf/10.2.0/../../../../riscv-nuclei-elf/lib/rv32imac/ilp32\libg_nano.a(lib_a-atexit.o)
 .comment       0x0000000000000012       0x13 e:/gd32/gd32embeddedbuilder_v1.5.2.30854/tools/nuclei_riscv_newlibc_prebuilt_win32_2022.04/gcc/bin/../lib/gcc/riscv-nuclei-elf/10.2.0/../../../../riscv-nuclei-elf/lib/rv32imac/ilp32\libg_nano.a(lib_a-fini.o)
 .comment       0x0000000000000012       0x13 e:/gd32/gd32embeddedbuilder_v1.5.2.30854/tools/nuclei_riscv_newlibc_prebuilt_win32_2022.04/gcc/bin/../lib/gcc/riscv-nuclei-elf/10.2.0/../../../../riscv-nuclei-elf/lib/rv32imac/ilp32\libg_nano.a(lib_a-init.o)
 .comment       0x0000000000000012       0x13 e:/gd32/gd32embeddedbuilder_v1.5.2.30854/tools/nuclei_riscv_newlibc_prebuilt_win32_2022.04/gcc/bin/../lib/gcc/riscv-nuclei-elf/10.2.0/../../../../riscv-nuclei-elf/lib/rv32imac/ilp32\libg_nano.a(lib_a-__atexit.o)
 .comment       0x0000000000000012       0x13 e:/gd32/gd32embeddedbuilder_v1.5.2.30854/tools/nuclei_riscv_newlibc_prebuilt_win32_2022.04/gcc/bin/../lib/gcc/riscv-nuclei-elf/10.2.0/../../../../riscv-nuclei-elf/lib/rv32imac/ilp32\libg_nano.a(lib_a-__call_atexit.o)

.riscv.attributes
                0x0000000000000000       0x2f
 .riscv.attributes
                0x0000000000000000       0x2b ./src/gd32vw55x_it.o
 .riscv.attributes
                0x000000000000002b       0x2b ./src/main.o
 .riscv.attributes
                0x0000000000000056       0x2b ./src/systick.o
 .riscv.attributes
                0x0000000000000081       0x2b ./hardware/OLED.o
 .riscv.attributes
                0x00000000000000ac       0x2b ./hardware/img.o
 .riscv.attributes
                0x00000000000000d7       0x2d ./Firmware/RISCV/env_Eclipse/entry.o
 .riscv.attributes
                0x0000000000000104       0x2b ./Firmware/RISCV/env_Eclipse/handlers.o
 .riscv.attributes
                0x000000000000012f       0x2f ./Firmware/RISCV/env_Eclipse/init.o
 .riscv.attributes
                0x000000000000015e       0x2d ./Firmware/RISCV/env_Eclipse/start.o
 .riscv.attributes
                0x000000000000018b       0x2f ./Firmware/GD32VW55x_standard_peripheral/Source/gd32vw55x_eclic.o
 .riscv.attributes
                0x00000000000001ba       0x2b ./Firmware/GD32VW55x_standard_peripheral/Source/gd32vw55x_gpio.o
 .riscv.attributes
                0x00000000000001e5       0x2b ./Firmware/GD32VW55x_standard_peripheral/Source/gd32vw55x_rcu.o
 .riscv.attributes
                0x0000000000000210       0x2b ./Firmware/GD32VW55x_standard_peripheral/system_gd32vw55x.o
 .riscv.attributes
                0x000000000000023b       0x2b e:/gd32/gd32embeddedbuilder_v1.5.2.30854/tools/nuclei_riscv_newlibc_prebuilt_win32_2022.04/gcc/bin/../lib/gcc/riscv-nuclei-elf/10.2.0/../../../../riscv-nuclei-elf/lib/rv32imac/ilp32\libg_nano.a(lib_a-atexit.o)
 .riscv.attributes
                0x0000000000000266       0x2b e:/gd32/gd32embeddedbuilder_v1.5.2.30854/tools/nuclei_riscv_newlibc_prebuilt_win32_2022.04/gcc/bin/../lib/gcc/riscv-nuclei-elf/10.2.0/../../../../riscv-nuclei-elf/lib/rv32imac/ilp32\libg_nano.a(lib_a-fini.o)
 .riscv.attributes
                0x0000000000000291       0x2b e:/gd32/gd32embeddedbuilder_v1.5.2.30854/tools/nuclei_riscv_newlibc_prebuilt_win32_2022.04/gcc/bin/../lib/gcc/riscv-nuclei-elf/10.2.0/../../../../riscv-nuclei-elf/lib/rv32imac/ilp32\libg_nano.a(lib_a-init.o)
 .riscv.attributes
                0x00000000000002bc       0x2b e:/gd32/gd32embeddedbuilder_v1.5.2.30854/tools/nuclei_riscv_newlibc_prebuilt_win32_2022.04/gcc/bin/../lib/gcc/riscv-nuclei-elf/10.2.0/../../../../riscv-nuclei-elf/lib/rv32imac/ilp32\libg_nano.a(lib_a-__atexit.o)
 .riscv.attributes
                0x00000000000002e7       0x2b e:/gd32/gd32embeddedbuilder_v1.5.2.30854/tools/nuclei_riscv_newlibc_prebuilt_win32_2022.04/gcc/bin/../lib/gcc/riscv-nuclei-elf/10.2.0/../../../../riscv-nuclei-elf/lib/rv32imac/ilp32\libg_nano.a(lib_a-__call_atexit.o)

.debug_frame    0x0000000000000000     0x1428
 .debug_frame   0x0000000000000000       0x38 ./src/gd32vw55x_it.o
 .debug_frame   0x0000000000000038       0x2c ./src/main.o
 .debug_frame   0x0000000000000064       0x80 ./src/systick.o
 .debug_frame   0x00000000000000e4      0x638 ./hardware/OLED.o
 .debug_frame   0x000000000000071c       0x38 ./hardware/img.o
 .debug_frame   0x0000000000000754      0x100 ./Firmware/RISCV/env_Eclipse/handlers.o
 .debug_frame   0x0000000000000854       0xa8 ./Firmware/RISCV/env_Eclipse/init.o
 .debug_frame   0x00000000000008fc      0x10c ./Firmware/GD32VW55x_standard_peripheral/Source/gd32vw55x_eclic.o
 .debug_frame   0x0000000000000a08      0x230 ./Firmware/GD32VW55x_standard_peripheral/Source/gd32vw55x_gpio.o
 .debug_frame   0x0000000000000c38      0x700 ./Firmware/GD32VW55x_standard_peripheral/Source/gd32vw55x_rcu.o
 .debug_frame   0x0000000000001338       0xf0 ./Firmware/GD32VW55x_standard_peripheral/system_gd32vw55x.o
