   1              		.file	"read.c"
   2              		.option nopic
   3              		.attribute arch, "rv32i2p0_m2p0_a2p0_c2p0"
   4              		.attribute unaligned_access, 0
   5              		.attribute stack_align, 16
   6              		.text
   7              	.Ltext0:
   8              		.cfi_sections	.debug_frame
   9              		.section	.text._stub,"ax",@progbits
  10              		.align	1
  12              	_stub:
  13              	.LFB0:
  14              		.file 1 "../Firmware/RISCV/stubs/stub.h"
   1:../Firmware/RISCV/stubs/stub.h **** /* See LICENSE of license details. */
   2:../Firmware/RISCV/stubs/stub.h **** #ifndef _NUCLEI_SYS_STUB_H
   3:../Firmware/RISCV/stubs/stub.h **** #define _NUCLEI_SYS_STUB_H
   4:../Firmware/RISCV/stubs/stub.h **** 
   5:../Firmware/RISCV/stubs/stub.h **** #include <stdint.h>
   6:../Firmware/RISCV/stubs/stub.h **** #if   defined (__GNUC__)
   7:../Firmware/RISCV/stubs/stub.h **** #include <unistd.h>
   8:../Firmware/RISCV/stubs/stub.h **** #endif
   9:../Firmware/RISCV/stubs/stub.h **** 
  10:../Firmware/RISCV/stubs/stub.h **** void write_hex(int fd, unsigned long int hex);
  11:../Firmware/RISCV/stubs/stub.h **** 
  12:../Firmware/RISCV/stubs/stub.h **** static inline int _stub(int err)
  13:../Firmware/RISCV/stubs/stub.h **** {
  15              		.loc 1 13 1
  16              		.cfi_startproc
  17 0000 0111     		addi	sp,sp,-32
  18              		.cfi_def_cfa_offset 32
  19 0002 22CE     		sw	s0,28(sp)
  20              		.cfi_offset 8, -4
  21 0004 0010     		addi	s0,sp,32
  22              		.cfi_def_cfa 8, 0
  23 0006 2326A4FE 		sw	a0,-20(s0)
  14:../Firmware/RISCV/stubs/stub.h ****   return -1;
  24              		.loc 1 14 10
  25 000a FD57     		li	a5,-1
  15:../Firmware/RISCV/stubs/stub.h **** }
  26              		.loc 1 15 1
  27 000c 3E85     		mv	a0,a5
  28 000e 7244     		lw	s0,28(sp)
  29              		.cfi_restore 8
  30              		.cfi_def_cfa 2, 32
  31 0010 0561     		addi	sp,sp,32
  32              		.cfi_def_cfa_offset 0
  33 0012 8280     		jr	ra
  34              		.cfi_endproc
  35              	.LFE0:
  37              		.section	.text._read,"ax",@progbits
  38              		.align	1
  39              		.globl	_read
  41              	_read:
  42              	.LFB1:
  43              		.file 2 "../Firmware/RISCV/stubs/read.c"
   1:../Firmware/RISCV/stubs/read.c **** /* See LICENSE of license details. */
   2:../Firmware/RISCV/stubs/read.c **** 
   3:../Firmware/RISCV/stubs/read.c **** #include <stdint.h>
   4:../Firmware/RISCV/stubs/read.c **** #include <errno.h>
   5:../Firmware/RISCV/stubs/read.c **** #include <unistd.h>
   6:../Firmware/RISCV/stubs/read.c **** #include <sys/types.h>
   7:../Firmware/RISCV/stubs/read.c **** 
   8:../Firmware/RISCV/stubs/read.c **** #include "stub.h"
   9:../Firmware/RISCV/stubs/read.c **** 
  10:../Firmware/RISCV/stubs/read.c **** ssize_t _read(int fd, void* ptr, size_t len)
  11:../Firmware/RISCV/stubs/read.c **** {
  44              		.loc 2 11 1
  45              		.cfi_startproc
  46 0000 0111     		addi	sp,sp,-32
  47              		.cfi_def_cfa_offset 32
  48 0002 06CE     		sw	ra,28(sp)
  49 0004 22CC     		sw	s0,24(sp)
  50              		.cfi_offset 1, -4
  51              		.cfi_offset 8, -8
  52 0006 0010     		addi	s0,sp,32
  53              		.cfi_def_cfa 8, 0
  54 0008 2326A4FE 		sw	a0,-20(s0)
  55 000c 2324B4FE 		sw	a1,-24(s0)
  56 0010 2322C4FE 		sw	a2,-28(s0)
  12:../Firmware/RISCV/stubs/read.c ****   return _stub(EBADF);
  57              		.loc 2 12 10
  58 0014 2545     		li	a0,9
  59 0016 97000000 		call	_stub
  59      E7800000 
  60 001e AA87     		mv	a5,a0
  13:../Firmware/RISCV/stubs/read.c **** }
  61              		.loc 2 13 1
  62 0020 3E85     		mv	a0,a5
  63 0022 F240     		lw	ra,28(sp)
  64              		.cfi_restore 1
  65 0024 6244     		lw	s0,24(sp)
  66              		.cfi_restore 8
  67              		.cfi_def_cfa 2, 32
  68 0026 0561     		addi	sp,sp,32
  69              		.cfi_def_cfa_offset 0
  70 0028 8280     		jr	ra
  71              		.cfi_endproc
  72              	.LFE1:
  74              		.text
  75              	.Letext0:
  76              		.file 3 "e:\\gd32\\gd32embeddedbuilder_v1.5.2.30854\\tools\\nuclei_riscv_newlibc_prebuilt_win32_20
  77              		.file 4 "e:\\gd32\\gd32embeddedbuilder_v1.5.2.30854\\tools\\nuclei_riscv_newlibc_prebuilt_win32_20
  78              		.file 5 "e:\\gd32\\gd32embeddedbuilder_v1.5.2.30854\\tools\\nuclei_riscv_newlibc_prebuilt_win32_20
DEFINED SYMBOLS
                            *ABS*:0000000000000000 read.c
C:\Users\CYMR90~1\AppData\Local\Temp\ccu17j6Q.s:12     .text._stub:0000000000000000 _stub
C:\Users\CYMR90~1\AppData\Local\Temp\ccu17j6Q.s:16     .text._stub:0000000000000000 .L0 
C:\Users\CYMR90~1\AppData\Local\Temp\ccu17j6Q.s:17     .text._stub:0000000000000000 .L0 
C:\Users\CYMR90~1\AppData\Local\Temp\ccu17j6Q.s:18     .text._stub:0000000000000002 .L0 
C:\Users\CYMR90~1\AppData\Local\Temp\ccu17j6Q.s:20     .text._stub:0000000000000004 .L0 
C:\Users\CYMR90~1\AppData\Local\Temp\ccu17j6Q.s:22     .text._stub:0000000000000006 .L0 
C:\Users\CYMR90~1\AppData\Local\Temp\ccu17j6Q.s:25     .text._stub:000000000000000a .L0 
C:\Users\CYMR90~1\AppData\Local\Temp\ccu17j6Q.s:27     .text._stub:000000000000000c .L0 
C:\Users\CYMR90~1\AppData\Local\Temp\ccu17j6Q.s:29     .text._stub:0000000000000010 .L0 
C:\Users\CYMR90~1\AppData\Local\Temp\ccu17j6Q.s:30     .text._stub:0000000000000010 .L0 
C:\Users\CYMR90~1\AppData\Local\Temp\ccu17j6Q.s:32     .text._stub:0000000000000012 .L0 
C:\Users\CYMR90~1\AppData\Local\Temp\ccu17j6Q.s:34     .text._stub:0000000000000014 .L0 
C:\Users\CYMR90~1\AppData\Local\Temp\ccu17j6Q.s:41     .text._read:0000000000000000 _read
C:\Users\CYMR90~1\AppData\Local\Temp\ccu17j6Q.s:45     .text._read:0000000000000000 .L0 
C:\Users\CYMR90~1\AppData\Local\Temp\ccu17j6Q.s:46     .text._read:0000000000000000 .L0 
C:\Users\CYMR90~1\AppData\Local\Temp\ccu17j6Q.s:47     .text._read:0000000000000002 .L0 
C:\Users\CYMR90~1\AppData\Local\Temp\ccu17j6Q.s:50     .text._read:0000000000000006 .L0 
C:\Users\CYMR90~1\AppData\Local\Temp\ccu17j6Q.s:51     .text._read:0000000000000006 .L0 
C:\Users\CYMR90~1\AppData\Local\Temp\ccu17j6Q.s:53     .text._read:0000000000000008 .L0 
C:\Users\CYMR90~1\AppData\Local\Temp\ccu17j6Q.s:58     .text._read:0000000000000014 .L0 
C:\Users\CYMR90~1\AppData\Local\Temp\ccu17j6Q.s:62     .text._read:0000000000000020 .L0 
C:\Users\CYMR90~1\AppData\Local\Temp\ccu17j6Q.s:64     .text._read:0000000000000024 .L0 
C:\Users\CYMR90~1\AppData\Local\Temp\ccu17j6Q.s:66     .text._read:0000000000000026 .L0 
C:\Users\CYMR90~1\AppData\Local\Temp\ccu17j6Q.s:67     .text._read:0000000000000026 .L0 
C:\Users\CYMR90~1\AppData\Local\Temp\ccu17j6Q.s:69     .text._read:0000000000000028 .L0 
C:\Users\CYMR90~1\AppData\Local\Temp\ccu17j6Q.s:71     .text._read:000000000000002a .L0 
C:\Users\CYMR90~1\AppData\Local\Temp\ccu17j6Q.s:37     .text._stub:0000000000000014 .L0 
C:\Users\CYMR90~1\AppData\Local\Temp\ccu17j6Q.s:74     .text._read:000000000000002a .L0 
                     .debug_frame:0000000000000000 .L0 
C:\Users\CYMR90~1\AppData\Local\Temp\ccu17j6Q.s:222    .debug_abbrev:0000000000000000 .Ldebug_abbrev0
C:\Users\CYMR90~1\AppData\Local\Temp\ccu17j6Q.s:395    .debug_str:0000000000000080 .LASF14
C:\Users\CYMR90~1\AppData\Local\Temp\ccu17j6Q.s:411    .debug_str:0000000000000189 .LASF15
C:\Users\CYMR90~1\AppData\Local\Temp\ccu17j6Q.s:389    .debug_str:000000000000001b .LASF16
C:\Users\CYMR90~1\AppData\Local\Temp\ccu17j6Q.s:373    .debug_ranges:0000000000000000 .Ldebug_ranges0
C:\Users\CYMR90~1\AppData\Local\Temp\ccu17j6Q.s:381    .debug_line:0000000000000000 .Ldebug_line0
C:\Users\CYMR90~1\AppData\Local\Temp\ccu17j6Q.s:415    .debug_str:00000000000001bb .LASF0
C:\Users\CYMR90~1\AppData\Local\Temp\ccu17j6Q.s:399    .debug_str:0000000000000155 .LASF1
C:\Users\CYMR90~1\AppData\Local\Temp\ccu17j6Q.s:407    .debug_str:0000000000000179 .LASF2
C:\Users\CYMR90~1\AppData\Local\Temp\ccu17j6Q.s:413    .debug_str:00000000000001a8 .LASF3
C:\Users\CYMR90~1\AppData\Local\Temp\ccu17j6Q.s:405    .debug_str:0000000000000170 .LASF4
C:\Users\CYMR90~1\AppData\Local\Temp\ccu17j6Q.s:391    .debug_str:0000000000000057 .LASF5
C:\Users\CYMR90~1\AppData\Local\Temp\ccu17j6Q.s:383    .debug_str:0000000000000000 .LASF6
C:\Users\CYMR90~1\AppData\Local\Temp\ccu17j6Q.s:393    .debug_str:0000000000000069 .LASF7
C:\Users\CYMR90~1\AppData\Local\Temp\ccu17j6Q.s:419    .debug_str:00000000000001d3 .LASF8
C:\Users\CYMR90~1\AppData\Local\Temp\ccu17j6Q.s:385    .debug_str:000000000000000e .LASF10
C:\Users\CYMR90~1\AppData\Local\Temp\ccu17j6Q.s:417    .debug_str:00000000000001c7 .LASF9
C:\Users\CYMR90~1\AppData\Local\Temp\ccu17j6Q.s:397    .debug_str:000000000000014c .LASF11
C:\Users\CYMR90~1\AppData\Local\Temp\ccu17j6Q.s:401    .debug_str:0000000000000163 .LASF12
C:\Users\CYMR90~1\AppData\Local\Temp\ccu17j6Q.s:403    .debug_str:0000000000000168 .LASF13
C:\Users\CYMR90~1\AppData\Local\Temp\ccu17j6Q.s:387    .debug_str:0000000000000015 .LASF17
C:\Users\CYMR90~1\AppData\Local\Temp\ccu17j6Q.s:42     .text._read:0000000000000000 .LFB1
C:\Users\CYMR90~1\AppData\Local\Temp\ccu17j6Q.s:72     .text._read:000000000000002a .LFE1
C:\Users\CYMR90~1\AppData\Local\Temp\ccu17j6Q.s:409    .debug_str:0000000000000183 .LASF18
C:\Users\CYMR90~1\AppData\Local\Temp\ccu17j6Q.s:13     .text._stub:0000000000000000 .LFB0
C:\Users\CYMR90~1\AppData\Local\Temp\ccu17j6Q.s:35     .text._stub:0000000000000014 .LFE0
C:\Users\CYMR90~1\AppData\Local\Temp\ccu17j6Q.s:80     .debug_info:0000000000000000 .Ldebug_info0

NO UNDEFINED SYMBOLS
