Archive member included to satisfy reference by file (symbol)

e:/gd32/gd32embeddedbuilder_v1.5.2.30854/tools/nuclei_riscv_newlibc_prebuilt_win32_2022.04/gcc/bin/../lib/gcc/riscv-nuclei-elf/10.2.0/../../../../riscv-nuclei-elf/lib/rv32imac/ilp32\libg_nano.a(lib_a-atexit.o)
                              ./Firmware/RISCV/env_Eclipse/start.o (atexit)
e:/gd32/gd32embeddedbuilder_v1.5.2.30854/tools/nuclei_riscv_newlibc_prebuilt_win32_2022.04/gcc/bin/../lib/gcc/riscv-nuclei-elf/10.2.0/../../../../riscv-nuclei-elf/lib/rv32imac/ilp32\libg_nano.a(lib_a-fini.o)
                              ./Firmware/RISCV/env_Eclipse/start.o (__libc_fini_array)
e:/gd32/gd32embeddedbuilder_v1.5.2.30854/tools/nuclei_riscv_newlibc_prebuilt_win32_2022.04/gcc/bin/../lib/gcc/riscv-nuclei-elf/10.2.0/../../../../riscv-nuclei-elf/lib/rv32imac/ilp32\libg_nano.a(lib_a-init.o)
                              ./Firmware/RISCV/env_Eclipse/start.o (__libc_init_array)
e:/gd32/gd32embeddedbuilder_v1.5.2.30854/tools/nuclei_riscv_newlibc_prebuilt_win32_2022.04/gcc/bin/../lib/gcc/riscv-nuclei-elf/10.2.0/../../../../riscv-nuclei-elf/lib/rv32imac/ilp32\libg_nano.a(lib_a-memcpy.o)
                              ./Firmware/GD32VW55x_standard_peripheral/Source/gd32vw55x_cau_aes.o (memcpy)
e:/gd32/gd32embeddedbuilder_v1.5.2.30854/tools/nuclei_riscv_newlibc_prebuilt_win32_2022.04/gcc/bin/../lib/gcc/riscv-nuclei-elf/10.2.0/../../../../riscv-nuclei-elf/lib/rv32imac/ilp32\libg_nano.a(lib_a-printf.o)
                              ./src/main.o (printf)
e:/gd32/gd32embeddedbuilder_v1.5.2.30854/tools/nuclei_riscv_newlibc_prebuilt_win32_2022.04/gcc/bin/../lib/gcc/riscv-nuclei-elf/10.2.0/../../../../riscv-nuclei-elf/lib/rv32imac/ilp32\libg_nano.a(lib_a-strlen.o)
                              ./Firmware/RISCV/stubs/write.o (strlen)
e:/gd32/gd32embeddedbuilder_v1.5.2.30854/tools/nuclei_riscv_newlibc_prebuilt_win32_2022.04/gcc/bin/../lib/gcc/riscv-nuclei-elf/10.2.0/../../../../riscv-nuclei-elf/lib/rv32imac/ilp32\libg_nano.a(lib_a-sysisatty.o)
                              ./Firmware/RISCV/stubs/fstat.o (isatty)
e:/gd32/gd32embeddedbuilder_v1.5.2.30854/tools/nuclei_riscv_newlibc_prebuilt_win32_2022.04/gcc/bin/../lib/gcc/riscv-nuclei-elf/10.2.0/../../../../riscv-nuclei-elf/lib/rv32imac/ilp32\libg_nano.a(lib_a-syswrite.o)
                              ./Firmware/RISCV/stubs/_exit.o (write)
e:/gd32/gd32embeddedbuilder_v1.5.2.30854/tools/nuclei_riscv_newlibc_prebuilt_win32_2022.04/gcc/bin/../lib/gcc/riscv-nuclei-elf/10.2.0/../../../../riscv-nuclei-elf/lib/rv32imac/ilp32\libg_nano.a(lib_a-writer.o)
                              e:/gd32/gd32embeddedbuilder_v1.5.2.30854/tools/nuclei_riscv_newlibc_prebuilt_win32_2022.04/gcc/bin/../lib/gcc/riscv-nuclei-elf/10.2.0/../../../../riscv-nuclei-elf/lib/rv32imac/ilp32\libg_nano.a(lib_a-syswrite.o) (_write_r)
e:/gd32/gd32embeddedbuilder_v1.5.2.30854/tools/nuclei_riscv_newlibc_prebuilt_win32_2022.04/gcc/bin/../lib/gcc/riscv-nuclei-elf/10.2.0/../../../../riscv-nuclei-elf/lib/rv32imac/ilp32\libg_nano.a(lib_a-__atexit.o)
                              e:/gd32/gd32embeddedbuilder_v1.5.2.30854/tools/nuclei_riscv_newlibc_prebuilt_win32_2022.04/gcc/bin/../lib/gcc/riscv-nuclei-elf/10.2.0/../../../../riscv-nuclei-elf/lib/rv32imac/ilp32\libg_nano.a(lib_a-atexit.o) (__register_exitproc)
e:/gd32/gd32embeddedbuilder_v1.5.2.30854/tools/nuclei_riscv_newlibc_prebuilt_win32_2022.04/gcc/bin/../lib/gcc/riscv-nuclei-elf/10.2.0/../../../../riscv-nuclei-elf/lib/rv32imac/ilp32\libg_nano.a(lib_a-__call_atexit.o)
                              e:/gd32/gd32embeddedbuilder_v1.5.2.30854/tools/nuclei_riscv_newlibc_prebuilt_win32_2022.04/gcc/bin/../lib/gcc/riscv-nuclei-elf/10.2.0/../../../../riscv-nuclei-elf/lib/rv32imac/ilp32\libg_nano.a(lib_a-__atexit.o) (__call_exitprocs)
e:/gd32/gd32embeddedbuilder_v1.5.2.30854/tools/nuclei_riscv_newlibc_prebuilt_win32_2022.04/gcc/bin/../lib/gcc/riscv-nuclei-elf/10.2.0/../../../../riscv-nuclei-elf/lib/rv32imac/ilp32\libg_nano.a(lib_a-findfp.o)
                              e:/gd32/gd32embeddedbuilder_v1.5.2.30854/tools/nuclei_riscv_newlibc_prebuilt_win32_2022.04/gcc/bin/../lib/gcc/riscv-nuclei-elf/10.2.0/../../../../riscv-nuclei-elf/lib/rv32imac/ilp32\libg_nano.a(lib_a-printf.o) (__sinit)
e:/gd32/gd32embeddedbuilder_v1.5.2.30854/tools/nuclei_riscv_newlibc_prebuilt_win32_2022.04/gcc/bin/../lib/gcc/riscv-nuclei-elf/10.2.0/../../../../riscv-nuclei-elf/lib/rv32imac/ilp32\libg_nano.a(lib_a-fwalk.o)
                              e:/gd32/gd32embeddedbuilder_v1.5.2.30854/tools/nuclei_riscv_newlibc_prebuilt_win32_2022.04/gcc/bin/../lib/gcc/riscv-nuclei-elf/10.2.0/../../../../riscv-nuclei-elf/lib/rv32imac/ilp32\libg_nano.a(lib_a-findfp.o) (_fwalk)
e:/gd32/gd32embeddedbuilder_v1.5.2.30854/tools/nuclei_riscv_newlibc_prebuilt_win32_2022.04/gcc/bin/../lib/gcc/riscv-nuclei-elf/10.2.0/../../../../riscv-nuclei-elf/lib/rv32imac/ilp32\libg_nano.a(lib_a-impure.o)
[...]
Memory Configuration

Name             Origin             Length             Attributes
flash            0x0000000008000000 0x0000000000400000 axrl !w
ram              0x0000000020000000 0x0000000000048000 axw !rl
*default*        0x0000000000000000 0xffffffffffffffff

Linker script and memory map

LOAD ./src/gd32vw553h_eval.o
LOAD ./src/gd32vw55x_it.o
LOAD ./src/main.o
LOAD ./src/systick.o
LOAD ./Firmware/RISCV/stubs/_exit.o
LOAD ./Firmware/RISCV/stubs/close.o
LOAD ./Firmware/RISCV/stubs/fstat.o
LOAD ./Firmware/RISCV/stubs/isatty.o
LOAD ./Firmware/RISCV/stubs/lseek.o
LOAD ./Firmware/RISCV/stubs/read.o
LOAD ./Firmware/RISCV/stubs/sbrk.o
LOAD ./Firmware/RISCV/stubs/write.o
LOAD ./Firmware/RISCV/stubs/write_hex.o
LOAD ./Firmware/RISCV/env_Eclipse/entry.o
LOAD ./Firmware/RISCV/env_Eclipse/handlers.o
LOAD ./Firmware/RISCV/env_Eclipse/init.o
LOAD ./Firmware/RISCV/env_Eclipse/start.o
LOAD ./Firmware/RISCV/env_Eclipse/your_printf.o
LOAD ./Firmware/GD32VW55x_standard_peripheral/Source/gd32vw55x_adc.o
LOAD ./Firmware/GD32VW55x_standard_peripheral/Source/gd32vw55x_cau.o
LOAD ./Firmware/GD32VW55x_standard_peripheral/Source/gd32vw55x_cau_aes.o
LOAD ./Firmware/GD32VW55x_standard_peripheral/Source/gd32vw55x_cau_des.o
LOAD ./Firmware/GD32VW55x_standard_peripheral/Source/gd32vw55x_cau_tdes.o
LOAD ./Firmware/GD32VW55x_standard_peripheral/Source/gd32vw55x_crc.o
LOAD ./Firmware/GD32VW55x_standard_peripheral/Source/gd32vw55x_dbg.o
LOAD ./Firmware/GD32VW55x_standard_peripheral/Source/gd32vw55x_dma.o
LOAD ./Firmware/GD32VW55x_standard_peripheral/Source/gd32vw55x_eclic.o
LOAD ./Firmware/GD32VW55x_standard_peripheral/Source/gd32vw55x_efuse.o
LOAD ./Firmware/GD32VW55x_standard_peripheral/Source/gd32vw55x_exti.o
LOAD ./Firmware/GD32VW55x_standard_peripheral/Source/gd32vw55x_fmc.o
LOAD ./Firmware/GD32VW55x_standard_peripheral/Source/gd32vw55x_fwdgt.o
LOAD ./Firmware/GD32VW55x_standard_peripheral/Source/gd32vw55x_gpio.o
LOAD ./Firmware/GD32VW55x_standard_peripheral/Source/gd32vw55x_hau.o
LOAD ./Firmware/GD32VW55x_standard_peripheral/Source/gd32vw55x_hau_sha_md5.o
LOAD ./Firmware/GD32VW55x_standard_peripheral/Source/gd32vw55x_i2c.o
LOAD ./Firmware/GD32VW55x_standard_peripheral/Source/gd32vw55x_pkcau.o
LOAD ./Firmware/GD32VW55x_standard_peripheral/Source/gd32vw55x_pmu.o
LOAD ./Firmware/GD32VW55x_standard_peripheral/Source/gd32vw55x_qspi.o
LOAD ./Firmware/GD32VW55x_standard_peripheral/Source/gd32vw55x_rcu.o
LOAD ./Firmware/GD32VW55x_standard_peripheral/Source/gd32vw55x_rtc.o
LOAD ./Firmware/GD32VW55x_standard_peripheral/Source/gd32vw55x_spi.o
LOAD ./Firmware/GD32VW55x_standard_peripheral/Source/gd32vw55x_syscfg.o
LOAD ./Firmware/GD32VW55x_standard_peripheral/Source/gd32vw55x_timer.o
LOAD ./Firmware/GD32VW55x_standard_peripheral/Source/gd32vw55x_trng.o
LOAD ./Firmware/GD32VW55x_standard_peripheral/Source/gd32vw55x_usart.o
LOAD ./Firmware/GD32VW55x_standard_peripheral/Source/gd32vw55x_wwdgt.o
LOAD ./Firmware/GD32VW55x_standard_peripheral/system_gd32vw55x.o
LOAD e:/gd32/gd32embeddedbuilder_v1.5.2.30854/tools/nuclei_riscv_newlibc_prebuilt_win32_2022.04/gcc/bin/../lib/gcc/riscv-nuclei-elf/10.2.0/rv32imac/ilp32\libgcc.a
LOAD e:/gd32/gd32embeddedbuilder_v1.5.2.30854/tools/nuclei_riscv_newlibc_prebuilt_win32_2022.04/gcc/bin/../lib/gcc/riscv-nuclei-elf/10.2.0/../../../../riscv-nuclei-elf/lib/rv32imac/ilp32\libg_nano.a
LOAD e:/gd32/gd32embeddedbuilder_v1.5.2.30854/tools/nuclei_riscv_newlibc_prebuilt_win32_2022.04/gcc/bin/../lib/gcc/riscv-nuclei-elf/10.2.0/../../../../riscv-nuclei-elf/lib/rv32imac/ilp32\libc_nano.a
LOAD e:/gd32/gd32embeddedbuilder_v1.5.2.30854/tools/nuclei_riscv_newlibc_prebuilt_win32_2022.04/gcc/bin/../lib/gcc/riscv-nuclei-elf/10.2.0/rv32imac/ilp32\libgcc.a
START GROUP
LOAD e:/gd32/gd32embeddedbuilder_v1.5.2.30854/tools/nuclei_riscv_newlibc_prebuilt_win32_2022.04/gcc/bin/../lib/gcc/riscv-nuclei-elf/10.2.0/rv32imac/ilp32\libgcc.a
LOAD e:/gd32/gd32embeddedbuilder_v1.5.2.30854/tools/nuclei_riscv_newlibc_prebuilt_win32_2022.04/gcc/bin/../lib/gcc/riscv-nuclei-elf/10.2.0/../../../../riscv-nuclei-elf/lib/rv32imac/ilp32\libc_nano.a
LOAD e:/gd32/gd32embeddedbuilder_v1.5.2.30854/tools/nuclei_riscv_newlibc_prebuilt_win32_2022.04/gcc/bin/../lib/gcc/riscv-nuclei-elf/10.2.0/../../../../riscv-nuclei-elf/lib/rv32imac/ilp32\libnosys.a
END GROUP
START GROUP
LOAD e:/gd32/gd32embeddedbuilder_v1.5.2.30854/tools/nuclei_riscv_newlibc_prebuilt_win32_2022.04/gcc/bin/../lib/gcc/riscv-nuclei-elf/10.2.0/rv32imac/ilp32\libgcc.a
LOAD e:/gd32/gd32embeddedbuilder_v1.5.2.30854/tools/nuclei_riscv_newlibc_prebuilt_win32_2022.04/gcc/bin/../lib/gcc/riscv-nuclei-elf/10.2.0/../../../../riscv-nuclei-elf/lib/rv32imac/ilp32\libc_nano.a
LOAD e:/gd32/gd32embeddedbuilder_v1.5.2.30854/tools/nuclei_riscv_newlibc_prebuilt_win32_2022.04/gcc/bin/../lib/gcc/riscv-nuclei-elf/10.2.0/../../../../riscv-nuclei-elf/lib/rv32imac/ilp32\libnosys.a
END GROUP
                0x0000000000000800                __stack_size = DEFINED (__stack_size)?__stack_size:0x800

.init           0x0000000008000000      0x28e
 *(SORT_NONE(.init))
 .init          0x0000000008000000      0x28e ./Firmware/RISCV/env_Eclipse/start.o
                0x00000000080001d0                _start

.ilalign        0x000000000800028e        0x2
                0x0000000008000290                . = ALIGN (0x4)
 *fill*         0x000000000800028e        0x2 
                [!provide]                        PROVIDE (_ilm_lma = .)

.ialign         0x0000000008000290        0x0
                [!provide]                        PROVIDE (_ilm = .)

.text           0x00000000080002c0     0x33a6
 *(.rodata .rodata.*)
 .rodata        0x00000000080002c0       0x7e ./src/main.o
 *fill*         0x000000000800033e        0x2 
 .rodata        0x0000000008000340       0x20 ./Firmware/GD32VW55x_standard_peripheral/Source/gd32vw55x_rcu.o
 .rodata.rcu_clock_freq_get
                0x0000000008000360       0x18 ./Firmware/GD32VW55x_standard_peripheral/Source/gd32vw55x_rcu.o
 .rodata.__sf_fake_stderr
                0x0000000008000378       0x20 e:/gd32/gd32embeddedbuilder_v1.5.2.30854/tools/nuclei_riscv_newlibc_prebuilt_win32_2022.04/gcc/bin/../lib/gcc/riscv-nuclei-elf/10.2.0/../../../../riscv-nuclei-elf/lib/rv32imac/ilp32\libg_nano.a(lib_a-findfp.o)
                0x0000000008000378                __sf_fake_stderr
 .rodata.__sf_fake_stdin
                0x0000000008000398       0x20 e:/gd32/gd32embeddedbuilder_v1.5.2.30854/tools/nuclei_riscv_newlibc_prebuilt_win32_2022.04/gcc/bin/../lib/gcc/riscv-nuclei-elf/10.2.0/../../../../riscv-nuclei-elf/lib/rv32imac/ilp32\libg_nano.a(lib_a-findfp.o)
                0x0000000008000398                __sf_fake_stdin
 .rodata.__sf_fake_stdout
                0x00000000080003b8       0x20 e:/gd32/gd32embeddedbuilder_v1.5.2.30854/tools/nuclei_riscv_newlibc_prebuilt_win32_2022.04/gcc/bin/../lib/gcc/riscv-nuclei-elf/10.2.0/../../../../riscv-nuclei-elf/lib/rv32imac/ilp32\libg_nano.a(lib_a-findfp.o)
                0x00000000080003b8                __sf_fake_stdout
 .rodata._vfprintf_r.str1.4
                0x00000000080003d8       0x13 e:/gd32/gd32embeddedbuilder_v1.5.2.30854/tools/nuclei_riscv_newlibc_prebuilt_win32_2022.04/gcc/bin/../lib/gcc/riscv-nuclei-elf/10.2.0/../../../../riscv-nuclei-elf/lib/rv32imac/ilp32\libg_nano.a(lib_a-nano-vfprintf.o)
 *fill*         0x00000000080003eb        0x1 
 .rodata._printf_i.str1.4
                0x00000000080003ec       0x25 e:/gd32/gd32embeddedbuilder_v1.5.2.30854/tools/nuclei_riscv_newlibc_prebuilt_win32_2022.04/gcc/bin/../lib/gcc/riscv-nuclei-elf/10.2.0/../../../../riscv-nuclei-elf/lib/rv32imac/ilp32\libg_nano.a(lib_a-nano-vfprintf_i.o)
 *fill*         0x0000000008000411        0x3 
 .rodata._printf_i
                0x0000000008000414       0x58 e:/gd32/gd32embeddedbuilder_v1.5.2.30854/tools/nuclei_riscv_newlibc_prebuilt_win32_2022.04/gcc/bin/../lib/gcc/riscv-nuclei-elf/10.2.0/../../../../riscv-nuclei-elf/lib/rv32imac/ilp32\libg_nano.a(lib_a-nano-vfprintf_i.o)
 *(.text.unlikely .text.unlikely.*)
 *(.text.startup .text.startup.*)
 *(.text .text.*)
 .text.gd_eval_led_init
                0x000000000800046c       0xb6 ./src/gd32vw553h_eval.o
                0x000000000800046c                gd_eval_led_init
 .text.gd_eval_led_on
                0x0000000008000522       0x3c ./src/gd32vw553h_eval.o
                0x0000000008000522                gd_eval_led_on
 .text.gd_eval_led_off
                0x000000000800055e       0x3e ./src/gd32vw553h_eval.o
                0x000000000800055e                gd_eval_led_off
 .text.gd_eval_led_toggle
                0x000000000800059c       0x3e ./src/gd32vw553h_eval.o
                0x000000000800059c                gd_eval_led_toggle
 .text.gd_eval_key_init
                0x00000000080005da       0xde ./src/gd32vw553h_eval.o
                0x00000000080005da                gd_eval_key_init
 .text.gd_eval_key_state_get
                0x00000000080006b8       0x40 ./src/gd32vw553h_eval.o
                0x00000000080006b8                gd_eval_key_state_get
 .text.gd_eval_com_init
                0x00000000080006f8      0x148 ./src/gd32vw553h_eval.o
                0x00000000080006f8                gd_eval_com_init
 .text.eclic_mtip_handler
                0x0000000008000840       0x50 ./src/gd32vw55x_it.o
                0x0000000008000840                eclic_mtip_handler
 .text.led_spark
                0x0000000008000890       0x6a ./src/main.o
                0x0000000008000890                led_spark
 .text.main     0x00000000080008fa       0xe4 ./src/main.o
                0x00000000080008fa                main
 .text.systick_config
                0x00000000080009de       0xe0 ./src/systick.o
                0x00000000080009de                systick_config
 .text.delay_1ms
                0x0000000008000abe       0x30 ./src/systick.o
                0x0000000008000abe                delay_1ms
 .text.delay_decrement
                0x0000000008000aee       0x32 ./src/systick.o
                0x0000000008000aee                delay_decrement
 .text._stub    0x0000000008000b20       0x14 ./Firmware/RISCV/stubs/close.o
 .text._close   0x0000000008000b34       0x1c ./Firmware/RISCV/stubs/close.o
                0x0000000008000b34                _close
 .text._stub    0x0000000008000b50       0x14 ./Firmware/RISCV/stubs/fstat.o
 .text._fstat   0x0000000008000b64       0x38 ./Firmware/RISCV/stubs/fstat.o
                0x0000000008000b64                _fstat
 .text._isatty  0x0000000008000b9c       0x2c ./Firmware/RISCV/stubs/isatty.o
                0x0000000008000b9c                _isatty
 .text._stub    0x0000000008000bc8       0x14 ./Firmware/RISCV/stubs/lseek.o
 .text._lseek   0x0000000008000bdc       0x34 ./Firmware/RISCV/stubs/lseek.o
                0x0000000008000bdc                _lseek
 .text._stub    0x0000000008000c10       0x14 ./Firmware/RISCV/stubs/read.o
 .text._read    0x0000000008000c24       0x24 ./Firmware/RISCV/stubs/read.o
                0x0000000008000c24                _read
 .text._sbrk    0x0000000008000c48       0x64 ./Firmware/RISCV/stubs/sbrk.o
                0x0000000008000c48                _sbrk
 .text._write   0x0000000008000cac       0x70 ./Firmware/RISCV/stubs/write.o
                0x0000000008000cac                _write
 .text._put_char
                0x0000000008000d1c       0x4a ./Firmware/RISCV/stubs/write.o
                0x0000000008000d1c                _put_char
 *fill*         0x0000000008000d66       0x1a 
 .text.trap     0x0000000008000d80       0x7c ./Firmware/RISCV/env_Eclipse/entry.o
                0x0000000008000d80                exc_entry
 *fill*         0x0000000008000dfc        0x0 
 .text.irq      0x0000000008000dfc       0x76 ./Firmware/RISCV/env_Eclipse/entry.o
                0x0000000008000dfc                irq_entry
                0x0000000008000e6e                default_intexc_handler
 .text.system_default_exception_handler
                0x0000000008000e72       0x18 ./Firmware/RISCV/env_Eclipse/handlers.o
 .text.nmi_handler
                0x0000000008000e8a       0x18 ./Firmware/RISCV/env_Eclipse/handlers.o
                0x0000000008000e8a                nmi_handler
 .text.Exception_Init
                0x0000000008000ea2       0x44 ./Firmware/RISCV/env_Eclipse/handlers.o
                0x0000000008000ea2                Exception_Init
 .text.Exception_Register_EXC
                0x0000000008000ee6       0x52 ./Firmware/RISCV/env_Eclipse/handlers.o
                0x0000000008000ee6                Exception_Register_EXC
 .text.core_exception_handler
                0x0000000008000f38       0x88 ./Firmware/RISCV/env_Eclipse/handlers.o
                0x0000000008000f38                core_exception_handler
 .text.Exception_DumpFrame
                0x0000000008000fc0       0x1a ./Firmware/RISCV/env_Eclipse/handlers.o
                0x0000000008000fc0                Exception_DumpFrame
 .text._premain_init
                0x0000000008000fda       0x44 ./Firmware/RISCV/env_Eclipse/init.o
                0x0000000008000fda                _premain_init
 .text._postmain_fini
                0x000000000800101e       0x12 ./Firmware/RISCV/env_Eclipse/init.o
                0x000000000800101e                _postmain_fini
 .text._init    0x0000000008001030        0xe ./Firmware/RISCV/env_Eclipse/init.o
                0x0000000008001030                _init
 .text._fini    0x000000000800103e        0xe ./Firmware/RISCV/env_Eclipse/init.o
                0x000000000800103e                _fini
 .text.eclic_global_interrupt_enable
                0x000000000800104c       0x1a ./Firmware/GD32VW55x_standard_peripheral/Source/gd32vw55x_eclic.o
                0x000000000800104c                eclic_global_interrupt_enable
 .text.eclic_level_threshold_set
                0x0000000008001066       0x2a ./Firmware/GD32VW55x_standard_peripheral/Source/gd32vw55x_eclic.o
                0x0000000008001066                eclic_level_threshold_set
 .text.eclic_priority_group_set
                0x0000000008001090       0x76 ./Firmware/GD32VW55x_standard_peripheral/Source/gd32vw55x_eclic.o
                0x0000000008001090                eclic_priority_group_set
 .text.eclic_irq_enable
                0x0000000008001106      0x27a ./Firmware/GD32VW55x_standard_peripheral/Source/gd32vw55x_eclic.o
                0x0000000008001106                eclic_irq_enable
 .text.exti_init
                0x0000000008001380      0x1ae ./Firmware/GD32VW55x_standard_peripheral/Source/gd32vw55x_exti.o
                0x0000000008001380                exti_init
 .text.exti_interrupt_flag_clear
                0x000000000800152e       0x20 ./Firmware/GD32VW55x_standard_peripheral/Source/gd32vw55x_exti.o
                0x000000000800152e                exti_interrupt_flag_clear
 .text.gpio_mode_set
                0x000000000800154e       0xdc ./Firmware/GD32VW55x_standard_peripheral/Source/gd32vw55x_gpio.o
                0x000000000800154e                gpio_mode_set
 .text.gpio_output_options_set
                0x000000000800162a       0xd6 ./Firmware/GD32VW55x_standard_peripheral/Source/gd32vw55x_gpio.o
                0x000000000800162a                gpio_output_options_set
 .text.gpio_input_bit_get
                0x0000000008001700       0x2c ./Firmware/GD32VW55x_standard_peripheral/Source/gd32vw55x_gpio.o
                0x0000000008001700                gpio_input_bit_get
 .text.gpio_af_set
                0x000000000800172c      0x118 ./Firmware/GD32VW55x_standard_peripheral/Source/gd32vw55x_gpio.o
                0x000000000800172c                gpio_af_set
 .text.rcu_periph_clock_enable
                0x0000000008001844       0x48 ./Firmware/GD32VW55x_standard_peripheral/Source/gd32vw55x_rcu.o
                0x0000000008001844                rcu_periph_clock_enable
 .text.rcu_periph_reset_enable
                0x000000000800188c       0x48 ./Firmware/GD32VW55x_standard_peripheral/Source/gd32vw55x_rcu.o
                0x000000000800188c                rcu_periph_reset_enable
 .text.rcu_periph_reset_disable
                0x00000000080018d4       0x4c ./Firmware/GD32VW55x_standard_peripheral/Source/gd32vw55x_rcu.o
                0x00000000080018d4                rcu_periph_reset_disable
 .text.rcu_clock_freq_get
                0x0000000008001920      0x312 ./Firmware/GD32VW55x_standard_peripheral/Source/gd32vw55x_rcu.o
                0x0000000008001920                rcu_clock_freq_get
 .text.syscfg_exti_line_config
                0x0000000008001c32      0x14c ./Firmware/GD32VW55x_standard_peripheral/Source/gd32vw55x_syscfg.o
                0x0000000008001c32                syscfg_exti_line_config
 .text.usart_deinit
                0x0000000008001d7e       0x86 ./Firmware/GD32VW55x_standard_peripheral/Source/gd32vw55x_usart.o
                0x0000000008001d7e                usart_deinit
 .text.usart_baudrate_set
                0x0000000008001e04      0x12c ./Firmware/GD32VW55x_standard_peripheral/Source/gd32vw55x_usart.o
                0x0000000008001e04                usart_baudrate_set
 .text.usart_enable
                0x0000000008001f30       0x22 ./Firmware/GD32VW55x_standard_peripheral/Source/gd32vw55x_usart.o
                0x0000000008001f30                usart_enable
 .text.usart_transmit_config
                0x0000000008001f52       0x36 ./Firmware/GD32VW55x_standard_peripheral/Source/gd32vw55x_usart.o
                0x0000000008001f52                usart_transmit_config
 .text.usart_receive_config
                0x0000000008001f88       0x36 ./Firmware/GD32VW55x_standard_peripheral/Source/gd32vw55x_usart.o
                0x0000000008001f88                usart_receive_config
 .text.usart_data_transmit
                0x0000000008001fbe       0x2a ./Firmware/GD32VW55x_standard_peripheral/Source/gd32vw55x_usart.o
                0x0000000008001fbe                usart_data_transmit
 .text.usart_flag_get
                0x0000000008001fe8       0x3c ./Firmware/GD32VW55x_standard_peripheral/Source/gd32vw55x_usart.o
                0x0000000008001fe8                usart_flag_get
 .text._soft_delay_
                0x0000000008002024       0x3a ./Firmware/GD32VW55x_standard_peripheral/system_gd32vw55x.o
 .text.SystemInit
                0x000000000800205e      0x182 ./Firmware/GD32VW55x_standard_peripheral/system_gd32vw55x.o
                0x000000000800205e                SystemInit
 .text.system_clock_config
                0x00000000080021e0       0x14 ./Firmware/GD32VW55x_standard_peripheral/system_gd32vw55x.o
 .text.system_clock_160m_hxtal
                0x00000000080021f4      0x1ec ./Firmware/GD32VW55x_standard_peripheral/system_gd32vw55x.o
 .text.gd32vw55x_firmware_version_get
                0x00000000080023e0       0x12 ./Firmware/GD32VW55x_standard_peripheral/system_gd32vw55x.o
                0x00000000080023e0                gd32vw55x_firmware_version_get
 .text.atexit   0x00000000080023f2        0xa e:/gd32/gd32embeddedbuilder_v1.5.2.30854/tools/nuclei_riscv_newlibc_prebuilt_win32_2022.04/gcc/bin/../lib/gcc/riscv-nuclei-elf/10.2.0/../../../../riscv-nuclei-elf/lib/rv32imac/ilp32\libg_nano.a(lib_a-atexit.o)
                0x00000000080023f2                atexit
 .text.__libc_fini_array
                0x00000000080023fc       0x36 e:/gd32/gd32embeddedbuilder_v1.5.2.30854/tools/nuclei_riscv_newlibc_prebuilt_win32_2022.04/gcc/bin/../lib/gcc/riscv-nuclei-elf/10.2.0/../../../../riscv-nuclei-elf/lib/rv32imac/ilp32\libg_nano.a(lib_a-fini.o)
                0x00000000080023fc                __libc_fini_array
 .text.__libc_init_array
                0x0000000008002432       0x5e e:/gd32/gd32embeddedbuilder_v1.5.2.30854/tools/nuclei_riscv_newlibc_prebuilt_win32_2022.04/gcc/bin/../lib/gcc/riscv-nuclei-elf/10.2.0/../../../../riscv-nuclei-elf/lib/rv32imac/ilp32\libg_nano.a(lib_a-init.o)
                0x0000000008002432                __libc_init_array
 .text.printf   0x0000000008002490       0x38 e:/gd32/gd32embeddedbuilder_v1.5.2.30854/tools/nuclei_riscv_newlibc_prebuilt_win32_2022.04/gcc/bin/../lib/gcc/riscv-nuclei-elf/10.2.0/../../../../riscv-nuclei-elf/lib/rv32imac/ilp32\libg_nano.a(lib_a-printf.o)
                0x0000000008002490                iprintf
                0x0000000008002490                printf
 .text.isatty   0x00000000080024c8        0x4 e:/gd32/gd32embeddedbuilder_v1.5.2.30854/tools/nuclei_riscv_newlibc_prebuilt_win32_2022.04/gcc/bin/../lib/gcc/riscv-nuclei-elf/10.2.0/../../../../riscv-nuclei-elf/lib/rv32imac/ilp32\libg_nano.a(lib_a-sysisatty.o)
                0x00000000080024c8                isatty
 .text._write_r
                0x00000000080024cc       0x2c e:/gd32/gd32embeddedbuilder_v1.5.2.30854/tools/nuclei_riscv_newlibc_prebuilt_win32_2022.04/gcc/bin/../lib/gcc/riscv-nuclei-elf/10.2.0/../../../../riscv-nuclei-elf/lib/rv32imac/ilp32\libg_nano.a(lib_a-writer.o)
                0x00000000080024cc                _write_r
 .text.__register_exitproc
                0x00000000080024f8       0x74 e:/gd32/gd32embeddedbuilder_v1.5.2.30854/tools/nuclei_riscv_newlibc_prebuilt_win32_2022.04/gcc/bin/../lib/gcc/riscv-nuclei-elf/10.2.0/../../../../riscv-nuclei-elf/lib/rv32imac/ilp32\libg_nano.a(lib_a-__atexit.o)
                0x00000000080024f8                __register_exitproc
 .text.std      0x000000000800256c       0x68 e:/gd32/gd32embeddedbuilder_v1.5.2.30854/tools/nuclei_riscv_newlibc_prebuilt_win32_2022.04/gcc/bin/../lib/gcc/riscv-nuclei-elf/10.2.0/../../../../riscv-nuclei-elf/lib/rv32imac/ilp32\libg_nano.a(lib_a-findfp.o)
 .text._cleanup_r
                0x00000000080025d4        0xa e:/gd32/gd32embeddedbuilder_v1.5.2.30854/tools/nuclei_riscv_newlibc_prebuilt_win32_2022.04/gcc/bin/../lib/gcc/riscv-nuclei-elf/10.2.0/../../../../riscv-nuclei-elf/lib/rv32imac/ilp32\libg_nano.a(lib_a-findfp.o)
                0x00000000080025d4                _cleanup_r
 .text.__sfmoreglue
                0x00000000080025de       0x44 e:/gd32/gd32embeddedbuilder_v1.5.2.30854/tools/nuclei_riscv_newlibc_prebuilt_win32_2022.04/gcc/bin/../lib/gcc/riscv-nuclei-elf/10.2.0/../../../../riscv-nuclei-elf/lib/rv32imac/ilp32\libg_nano.a(lib_a-findfp.o)
                0x00000000080025de                __sfmoreglue
 .text.__sinit  0x0000000008002622       0x66 e:/gd32/gd32embeddedbuilder_v1.5.2.30854/tools/nuclei_riscv_newlibc_prebuilt_win32_2022.04/gcc/bin/../lib/gcc/riscv-nuclei-elf/10.2.0/../../../../riscv-nuclei-elf/lib/rv32imac/ilp32\libg_nano.a(lib_a-findfp.o)
                0x0000000008002622                __sinit
 .text.__sfp    0x0000000008002688       0x98 e:/gd32/gd32embeddedbuilder_v1.5.2.30854/tools/nuclei_riscv_newlibc_prebuilt_win32_2022.04/gcc/bin/../lib/gcc/riscv-nuclei-elf/10.2.0/../../../../riscv-nuclei-elf/lib/rv32imac/ilp32\libg_nano.a(lib_a-findfp.o)
                0x0000000008002688                __sfp
 .text._fwalk_reent
                0x0000000008002720       0x6a e:/gd32/gd32embeddedbuilder_v1.5.2.30854/tools/nuclei_riscv_newlibc_prebuilt_win32_2022.04/gcc/bin/../lib/gcc/riscv-nuclei-elf/10.2.0/../../../../riscv-nuclei-elf/lib/rv32imac/ilp32\libg_nano.a(lib_a-fwalk.o)
                0x0000000008002720                _fwalk_reent
 .text          0x000000000800278a       0xa8 e:/gd32/gd32embeddedbuilder_v1.5.2.30854/tools/nuclei_riscv_newlibc_prebuilt_win32_2022.04/gcc/bin/../lib/gcc/riscv-nuclei-elf/10.2.0/../../../../riscv-nuclei-elf/lib/rv32imac/ilp32\libg_nano.a(lib_a-memset.o)
                0x000000000800278a                memset
 .text._malloc_r
                0x0000000008002832       0xd6 e:/gd32/gd32embeddedbuilder_v1.5.2.30854/tools/nuclei_riscv_newlibc_prebuilt_win32_2022.04/gcc/bin/../lib/gcc/riscv-nuclei-elf/10.2.0/../../../../riscv-nuclei-elf/lib/rv32imac/ilp32\libg_nano.a(lib_a-nano-mallocr.o)
                0x0000000008002832                _malloc_r
 .text.__sfputc_r
                0x0000000008002908       0x28 e:/gd32/gd32embeddedbuilder_v1.5.2.30854/tools/nuclei_riscv_newlibc_prebuilt_win32_2022.04/gcc/bin/../lib/gcc/riscv-nuclei-elf/10.2.0/../../../../riscv-nuclei-elf/lib/rv32imac/ilp32\libg_nano.a(lib_a-nano-vfprintf.o)
 .text.__sfputs_r
                0x0000000008002930       0x42 e:/gd32/gd32embeddedbuilder_v1.5.2.30854/tools/nuclei_riscv_newlibc_prebuilt_win32_2022.04/gcc/bin/../lib/gcc/riscv-nuclei-elf/10.2.0/../../../../riscv-nuclei-elf/lib/rv32imac/ilp32\libg_nano.a(lib_a-nano-vfprintf.o)
                0x0000000008002930                __sfputs_r
 .text._vfprintf_r
                0x0000000008002972      0x298 e:/gd32/gd32embeddedbuilder_v1.5.2.30854/tools/nuclei_riscv_newlibc_prebuilt_win32_2022.04/gcc/bin/../lib/gcc/riscv-nuclei-elf/10.2.0/../../../../riscv-nuclei-elf/lib/rv32imac/ilp32\libg_nano.a(lib_a-nano-vfprintf.o)
                0x0000000008002972                _vfprintf_r
                0x0000000008002972                _vfiprintf_r
 .text._printf_common
                0x0000000008002c0a      0x10c e:/gd32/gd32embeddedbuilder_v1.5.2.30854/tools/nuclei_riscv_newlibc_prebuilt_win32_2022.04/gcc/bin/../lib/gcc/riscv-nuclei-elf/10.2.0/../../../../riscv-nuclei-elf/lib/rv32imac/ilp32\libg_nano.a(lib_a-nano-vfprintf_i.o)
                0x0000000008002c0a                _printf_common
 .text._printf_i
                0x0000000008002d16      0x270 e:/gd32/gd32embeddedbuilder_v1.5.2.30854/tools/nuclei_riscv_newlibc_prebuilt_win32_2022.04/gcc/bin/../lib/gcc/riscv-nuclei-elf/10.2.0/../../../../riscv-nuclei-elf/lib/rv32imac/ilp32\libg_nano.a(lib_a-nano-vfprintf_i.o)
                0x0000000008002d16                _printf_i
 .text._sbrk_r  0x0000000008002f86       0x28 e:/gd32/gd32embeddedbuilder_v1.5.2.30854/tools/nuclei_riscv_newlibc_prebuilt_win32_2022.04/gcc/bin/../lib/gcc/riscv-nuclei-elf/10.2.0/../../../../riscv-nuclei-elf/lib/rv32imac/ilp32\libg_nano.a(lib_a-sbrkr.o)
                0x0000000008002f86                _sbrk_r
 .text.__sread  0x0000000008002fae       0x30 e:/gd32/gd32embeddedbuilder_v1.5.2.30854/tools/nuclei_riscv_newlibc_prebuilt_win32_2022.04/gcc/bin/../lib/gcc/riscv-nuclei-elf/10.2.0/../../../../riscv-nuclei-elf/lib/rv32imac/ilp32\libg_nano.a(lib_a-stdio.o)
                0x0000000008002fae                __sread
 .text.__swrite
                0x0000000008002fde       0x50 e:/gd32/gd32embeddedbuilder_v1.5.2.30854/tools/nuclei_riscv_newlibc_prebuilt_win32_2022.04/gcc/bin/../lib/gcc/riscv-nuclei-elf/10.2.0/../../../../riscv-nuclei-elf/lib/rv32imac/ilp32\libg_nano.a(lib_a-stdio.o)
                0x0000000008002fde                __swrite
 .text.__sseek  0x000000000800302e       0x36 e:/gd32/gd32embeddedbuilder_v1.5.2.30854/tools/nuclei_riscv_newlibc_prebuilt_win32_2022.04/gcc/bin/../lib/gcc/riscv-nuclei-elf/10.2.0/../../../../riscv-nuclei-elf/lib/rv32imac/ilp32\libg_nano.a(lib_a-stdio.o)
                0x000000000800302e                __sseek
 .text.__sclose
                0x0000000008003064        0x6 e:/gd32/gd32embeddedbuilder_v1.5.2.30854/tools/nuclei_riscv_newlibc_prebuilt_win32_2022.04/gcc/bin/../lib/gcc/riscv-nuclei-elf/10.2.0/../../../../riscv-nuclei-elf/lib/rv32imac/ilp32\libg_nano.a(lib_a-stdio.o)
                0x0000000008003064                __sclose
 .text.__swbuf_r
                0x000000000800306a       0xc2 e:/gd32/gd32embeddedbuilder_v1.5.2.30854/tools/nuclei_riscv_newlibc_prebuilt_win32_2022.04/gcc/bin/../lib/gcc/riscv-nuclei-elf/10.2.0/../../../../riscv-nuclei-elf/lib/rv32imac/ilp32\libg_nano.a(lib_a-wbuf.o)
                0x000000000800306a                __swbuf_r
 .text.__swsetup_r
                0x000000000800312c      0x108 e:/gd32/gd32embeddedbuilder_v1.5.2.30854/tools/nuclei_riscv_newlibc_prebuilt_win32_2022.04/gcc/bin/../lib/gcc/riscv-nuclei-elf/10.2.0/../../../../riscv-nuclei-elf/lib/rv32imac/ilp32\libg_nano.a(lib_a-wsetup.o)
                0x000000000800312c                __swsetup_r
 .text._close_r
                0x0000000008003234       0x28 e:/gd32/gd32embeddedbuilder_v1.5.2.30854/tools/nuclei_riscv_newlibc_prebuilt_win32_2022.04/gcc/bin/../lib/gcc/riscv-nuclei-elf/10.2.0/../../../../riscv-nuclei-elf/lib/rv32imac/ilp32\libg_nano.a(lib_a-closer.o)
                0x0000000008003234                _close_r
 .text.__sflush_r
                0x000000000800325c      0x146 e:/gd32/gd32embeddedbuilder_v1.5.2.30854/tools/nuclei_riscv_newlibc_prebuilt_win32_2022.04/gcc/bin/../lib/gcc/riscv-nuclei-elf/10.2.0/../../../../riscv-nuclei-elf/lib/rv32imac/ilp32\libg_nano.a(lib_a-fflush.o)
                0x000000000800325c                __sflush_r
 .text._fflush_r
                0x00000000080033a2       0x66 e:/gd32/gd32embeddedbuilder_v1.5.2.30854/tools/nuclei_riscv_newlibc_prebuilt_win32_2022.04/gcc/bin/../lib/gcc/riscv-nuclei-elf/10.2.0/../../../../riscv-nuclei-elf/lib/rv32imac/ilp32\libg_nano.a(lib_a-fflush.o)
                0x00000000080033a2                _fflush_r
 .text._lseek_r
                0x0000000008003408       0x2c e:/gd32/gd32embeddedbuilder_v1.5.2.30854/tools/nuclei_riscv_newlibc_prebuilt_win32_2022.04/gcc/bin/../lib/gcc/riscv-nuclei-elf/10.2.0/../../../../riscv-nuclei-elf/lib/rv32imac/ilp32\libg_nano.a(lib_a-lseekr.o)
                0x0000000008003408                _lseek_r
 .text.__swhatbuf_r
                0x0000000008003434       0x5a e:/gd32/gd32embeddedbuilder_v1.5.2.30854/tools/nuclei_riscv_newlibc_prebuilt_win32_2022.04/gcc/bin/../lib/gcc/riscv-nuclei-elf/10.2.0/../../../../riscv-nuclei-elf/lib/rv32imac/ilp32\libg_nano.a(lib_a-makebuf.o)
                0x0000000008003434                __swhatbuf_r
 .text.__smakebuf_r
                0x000000000800348e       0x9e e:/gd32/gd32embeddedbuilder_v1.5.2.30854/tools/nuclei_riscv_newlibc_prebuilt_win32_2022.04/gcc/bin/../lib/gcc/riscv-nuclei-elf/10.2.0/../../../../riscv-nuclei-elf/lib/rv32imac/ilp32\libg_nano.a(lib_a-makebuf.o)
                0x000000000800348e                __smakebuf_r
 .text.memchr   0x000000000800352c       0x1a e:/gd32/gd32embeddedbuilder_v1.5.2.30854/tools/nuclei_riscv_newlibc_prebuilt_win32_2022.04/gcc/bin/../lib/gcc/riscv-nuclei-elf/10.2.0/../../../../riscv-nuclei-elf/lib/rv32imac/ilp32\libg_nano.a(lib_a-memchr.o)
                0x000000000800352c                memchr
 .text.__malloc_lock
                0x0000000008003546        0x2 e:/gd32/gd32embeddedbuilder_v1.5.2.30854/tools/nuclei_riscv_newlibc_prebuilt_win32_2022.04/gcc/bin/../lib/gcc/riscv-nuclei-elf/10.2.0/../../../../riscv-nuclei-elf/lib/rv32imac/ilp32\libg_nano.a(lib_a-mlock.o)
                0x0000000008003546                __malloc_lock
 .text.__malloc_unlock
                0x0000000008003548        0x2 e:/gd32/gd32embeddedbuilder_v1.5.2.30854/tools/nuclei_riscv_newlibc_prebuilt_win32_2022.04/gcc/bin/../lib/gcc/riscv-nuclei-elf/10.2.0/../../../../riscv-nuclei-elf/lib/rv32imac/ilp32\libg_nano.a(lib_a-mlock.o)
                0x0000000008003548                __malloc_unlock
 .text._free_r  0x000000000800354a       0x9e e:/gd32/gd32embeddedbuilder_v1.5.2.30854/tools/nuclei_riscv_newlibc_prebuilt_win32_2022.04/gcc/bin/../lib/gcc/riscv-nuclei-elf/10.2.0/../../../../riscv-nuclei-elf/lib/rv32imac/ilp32\libg_nano.a(lib_a-nano-freer.o)
                0x000000000800354a                _free_r
 .text._read_r  0x00000000080035e8       0x2c e:/gd32/gd32embeddedbuilder_v1.5.2.30854/tools/nuclei_riscv_newlibc_prebuilt_win32_2022.04/gcc/bin/../lib/gcc/riscv-nuclei-elf/10.2.0/../../../../riscv-nuclei-elf/lib/rv32imac/ilp32\libg_nano.a(lib_a-readr.o)
                0x00000000080035e8                _read_r
 .text._fstat_r
                0x0000000008003614       0x2a e:/gd32/gd32embeddedbuilder_v1.5.2.30854/tools/nuclei_riscv_newlibc_prebuilt_win32_2022.04/gcc/bin/../lib/gcc/riscv-nuclei-elf/10.2.0/../../../../riscv-nuclei-elf/lib/rv32imac/ilp32\libg_nano.a(lib_a-fstatr.o)
                0x0000000008003614                _fstat_r
 .text._isatty_r
                0x000000000800363e       0x28 e:/gd32/gd32embeddedbuilder_v1.5.2.30854/tools/nuclei_riscv_newlibc_prebuilt_win32_2022.04/gcc/bin/../lib/gcc/riscv-nuclei-elf/10.2.0/../../../../riscv-nuclei-elf/lib/rv32imac/ilp32\libg_nano.a(lib_a-isattyr.o)
                0x000000000800363e                _isatty_r
 *(.gnu.linkonce.t.*)

.rela.dyn       0x0000000008003668        0x0
 .rela.sdata.curbrk.0
                0x0000000008003668        0x0 ./src/gd32vw553h_eval.o
 .rela.text._sbrk
                0x0000000008003668        0x0 ./src/gd32vw553h_eval.o
 .rela.init     0x0000000008003668        0x0 ./src/gd32vw553h_eval.o
 .rela.text.__libc_fini_array
                0x0000000008003668        0x0 ./src/gd32vw553h_eval.o
 .rela.text.__libc_init_array
                0x0000000008003668        0x0 ./src/gd32vw553h_eval.o
 .rela.text.__register_exitproc
                0x0000000008003668        0x0 ./src/gd32vw553h_eval.o
 .rela.text._vfprintf_r
                0x0000000008003668        0x0 ./src/gd32vw553h_eval.o

.fini
 *(SORT_NONE(.fini))
                0x0000000008003668                . = ALIGN (0x4)
                [!provide]                        PROVIDE (__etext = .)
                [!provide]                        PROVIDE (_etext = .)
                [!provide]                        PROVIDE (etext = .)
                [!provide]                        PROVIDE (_eilm = .)

.preinit_array  0x0000000008003666        0x0
                0x0000000008003666                PROVIDE (__preinit_array_start = .)
 *(.preinit_array)
                0x0000000008003666                PROVIDE (__preinit_array_end = .)

.init_array     0x0000000008003666        0x0
                0x0000000008003666                PROVIDE (__init_array_start = .)
 *(SORT_BY_INIT_PRIORITY(.init_array.*) SORT_BY_INIT_PRIORITY(.ctors.*))
 *(.init_array EXCLUDE_FILE(*crtend?.o *crtend.o *crtbegin?.o *crtbegin.o) .ctors)
                0x0000000008003666                PROVIDE (__init_array_end = .)

.fini_array     0x0000000008003666        0x0
                0x0000000008003666                PROVIDE (__fini_array_start = .)
 *(SORT_BY_INIT_PRIORITY(.fini_array.*) SORT_BY_INIT_PRIORITY(.dtors.*))
 *(.fini_array EXCLUDE_FILE(*crtend?.o *crtend.o *crtbegin?.o *crtbegin.o) .dtors)
                0x0000000008003666                PROVIDE (__fini_array_end = .)

.ctors
 *crtbegin.o(.ctors)
 *crtbegin?.o(.ctors)
 *(EXCLUDE_FILE(*crtend?.o *crtend.o) .ctors)
 *(SORT_BY_NAME(.ctors.*))
 *(.ctors)

.dtors
 *crtbegin.o(.dtors)
 *crtbegin?.o(.dtors)
 *(EXCLUDE_FILE(*crtend?.o *crtend.o) .dtors)
 *(SORT_BY_NAME(.dtors.*))
 *(.dtors)
                0x0000000008003668                . = ALIGN (0x4)
                [!provide]                        PROVIDE (_eilm = .)

.lalign         0x0000000008003666        0x2
                0x0000000008003668                . = ALIGN (0x4)
 *fill*         0x0000000008003666        0x2 
                0x0000000008003668                PROVIDE (_data_lma = .)

.dalign         0x0000000020000000        0x0 load address 0x0000000008003668
                0x0000000020000000                . = ALIGN (0x4)
                0x0000000020000000                PROVIDE (_data = .)

.data           0x0000000020000000       0xbc load address 0x0000000008003668
 *(.rdata)
 *(.gnu.linkonce.r.*)
 *(.data .data.*)
 .data.GPIO_PORT
                0x0000000020000000        0xc ./src/gd32vw553h_eval.o
 .data.GPIO_PIN
                0x000000002000000c        0xc ./src/gd32vw553h_eval.o
 .data.GPIO_CLK
                0x0000000020000018        0xc ./src/gd32vw553h_eval.o
 .data.impure_data
                0x0000000020000024       0x60 e:/gd32/gd32embeddedbuilder_v1.5.2.30854/tools/nuclei_riscv_newlibc_prebuilt_win32_2022.04/gcc/bin/../lib/gcc/riscv-nuclei-elf/10.2.0/../../../../riscv-nuclei-elf/lib/rv32imac/ilp32\libg_nano.a(lib_a-impure.o)
 *(.gnu.linkonce.d.*)
                0x0000000020000088                . = ALIGN (0x8)
 *fill*         0x0000000020000084        0x4 
                0x0000000020000888                PROVIDE (__global_pointer$ = (. + 0x800))
 *(.sdata .sdata.*)
 .sdata.COM_CLK
                0x0000000020000088        0x4 ./src/gd32vw553h_eval.o
 .sdata.COM_TX_PIN
                0x000000002000008c        0x4 ./src/gd32vw553h_eval.o
 .sdata.COM_RX_PIN
                0x0000000020000090        0x4 ./src/gd32vw553h_eval.o
 .sdata.KEY_PORT
                0x0000000020000094        0x4 ./src/gd32vw553h_eval.o
 .sdata.KEY_PIN
                0x0000000020000098        0x4 ./src/gd32vw553h_eval.o
 .sdata.KEY_CLK
                0x000000002000009c        0x4 ./src/gd32vw553h_eval.o
 .sdata.KEY_EXTI_LINE
                0x00000000200000a0        0x4 ./src/gd32vw553h_eval.o
 .sdata.KEY_IRQn
                0x00000000200000a4        0x4 ./src/gd32vw553h_eval.o
 .sdata.curbrk.0
                0x00000000200000a8        0x4 ./Firmware/RISCV/stubs/sbrk.o
 .sdata.SystemCoreClock
                0x00000000200000ac        0x4 ./Firmware/GD32VW55x_standard_peripheral/system_gd32vw55x.o
                0x00000000200000ac                SystemCoreClock
 .sdata._impure_ptr
                0x00000000200000b0        0x4 e:/gd32/gd32embeddedbuilder_v1.5.2.30854/tools/nuclei_riscv_newlibc_prebuilt_win32_2022.04/gcc/bin/../lib/gcc/riscv-nuclei-elf/10.2.0/../../../../riscv-nuclei-elf/lib/rv32imac/ilp32\libg_nano.a(lib_a-impure.o)
                0x00000000200000b0                _impure_ptr
 *(.gnu.linkonce.s.*)
                0x00000000200000b8                . = ALIGN (0x8)
 *fill*         0x00000000200000b4        0x4 
 *(.srodata.cst16)
 *(.srodata.cst8)
 *(.srodata.cst4)
 *(.srodata.cst2)
 *(.srodata .srodata.*)
 .srodata._global_impure_ptr
                0x00000000200000b8        0x4 e:/gd32/gd32embeddedbuilder_v1.5.2.30854/tools/nuclei_riscv_newlibc_prebuilt_win32_2022.04/gcc/bin/../lib/gcc/riscv-nuclei-elf/10.2.0/../../../../riscv-nuclei-elf/lib/rv32imac/ilp32\libg_nano.a(lib_a-impure.o)
                0x00000000200000b8                _global_impure_ptr
                0x00000000200000bc                . = ALIGN (0x4)
                0x00000000200000bc                PROVIDE (_edata = .)
                [!provide]                        PROVIDE (edata = .)
                [!provide]                        PROVIDE (_fbss = .)
                0x00000000200000bc                PROVIDE (__bss_start = .)

.bss            0x00000000200000bc       0xe0
 *(.sbss*)
 .sbss.KEY_PORT_SOURCE
                0x00000000200000bc        0x1 ./src/gd32vw553h_eval.o
 *fill*         0x00000000200000bd        0x3 
 .sbss.KEY_PIN_SOURCE
                0x00000000200000c0        0x1 ./src/gd32vw553h_eval.o
 *fill*         0x00000000200000c1        0x3 
 .sbss.timingdelaylocal.0
                0x00000000200000c4        0x4 ./src/main.o
 .sbss.delay    0x00000000200000c8        0x4 ./src/systick.o
 .sbss._global_atexit
                0x00000000200000cc        0x4 e:/gd32/gd32embeddedbuilder_v1.5.2.30854/tools/nuclei_riscv_newlibc_prebuilt_win32_2022.04/gcc/bin/../lib/gcc/riscv-nuclei-elf/10.2.0/../../../../riscv-nuclei-elf/lib/rv32imac/ilp32\libg_nano.a(lib_a-__call_atexit.o)
                0x00000000200000cc                _global_atexit
 .sbss.__malloc_free_list
                0x00000000200000d0        0x4 e:/gd32/gd32embeddedbuilder_v1.5.2.30854/tools/nuclei_riscv_newlibc_prebuilt_win32_2022.04/gcc/bin/../lib/gcc/riscv-nuclei-elf/10.2.0/../../../../riscv-nuclei-elf/lib/rv32imac/ilp32\libg_nano.a(lib_a-nano-mallocr.o)
                0x00000000200000d0                __malloc_free_list
 .sbss.__malloc_sbrk_start
                0x00000000200000d4        0x4 e:/gd32/gd32embeddedbuilder_v1.5.2.30854/tools/nuclei_riscv_newlibc_prebuilt_win32_2022.04/gcc/bin/../lib/gcc/riscv-nuclei-elf/10.2.0/../../../../riscv-nuclei-elf/lib/rv32imac/ilp32\libg_nano.a(lib_a-nano-mallocr.o)
                0x00000000200000d4                __malloc_sbrk_start
 .sbss.errno    0x00000000200000d8        0x4 e:/gd32/gd32embeddedbuilder_v1.5.2.30854/tools/nuclei_riscv_newlibc_prebuilt_win32_2022.04/gcc/bin/../lib/gcc/riscv-nuclei-elf/10.2.0/../../../../riscv-nuclei-elf/lib/rv32imac/ilp32\libg_nano.a(lib_a-reent.o)
                0x00000000200000d8                errno
 *(.gnu.linkonce.sb.*)
 *(.bss .bss.*)
 .bss.SystemExceptionHandlers
                0x00000000200000dc       0x34 ./Firmware/RISCV/env_Eclipse/handlers.o
 .bss._global_atexit0
                0x0000000020000110       0x8c e:/gd32/gd32embeddedbuilder_v1.5.2.30854/tools/nuclei_riscv_newlibc_prebuilt_win32_2022.04/gcc/bin/../lib/gcc/riscv-nuclei-elf/10.2.0/../../../../riscv-nuclei-elf/lib/rv32imac/ilp32\libg_nano.a(lib_a-__atexit.o)
 *(.gnu.linkonce.b.*)
 *(COMMON)
                0x000000002000019c                . = ALIGN (0x4)
                0x00000000200001a0                . = ALIGN (0x8)
                0x00000000200001a0                PROVIDE (_end = .)
                [!provide]                        PROVIDE (end = .)

.stack          0x0000000020047800      0x800 load address 0x000000002000019c
                0x0000000020047800                PROVIDE (_heap_end = .)
                0x0000000000000800                . = __stack_size
 *fill*         0x0000000020047800      0x800 
                0x0000000020048000                PROVIDE (_sp = .)
OUTPUT(cc.elf elf32-littleriscv)

.debug_info     0x0000000000000000     0x5b3e
 .debug_info    0x0000000000000000      0x7d3 ./src/gd32vw553h_eval.o
 .debug_info    0x00000000000007d3      0x3f3 ./src/gd32vw55x_it.o
 .debug_info    0x0000000000000bc6      0x1a2 ./src/main.o
 .debug_info    0x0000000000000d68      0x5a0 ./src/systick.o
 .debug_info    0x0000000000001308       0xcd ./Firmware/RISCV/stubs/close.o
 .debug_info    0x00000000000013d5      0x2e5 ./Firmware/RISCV/stubs/fstat.o
 .debug_info    0x00000000000016ba       0xa3 ./Firmware/RISCV/stubs/isatty.o
 .debug_info    0x000000000000175d      0x10f ./Firmware/RISCV/stubs/lseek.o
 .debug_info    0x000000000000186c      0x111 ./Firmware/RISCV/stubs/read.o
 .debug_info    0x000000000000197d       0xc0 ./Firmware/RISCV/stubs/sbrk.o
 .debug_info    0x0000000000001a3d      0x282 ./Firmware/RISCV/stubs/write.o
 .debug_info    0x0000000000001cbf       0x22 ./Firmware/RISCV/env_Eclipse/entry.o
 .debug_info    0x0000000000001ce1      0x3be ./Firmware/RISCV/env_Eclipse/handlers.o
 .debug_info    0x000000000000209f      0x1df ./Firmware/RISCV/env_Eclipse/init.o
 .debug_info    0x000000000000227e       0x26 ./Firmware/RISCV/env_Eclipse/start.o
 .debug_info    0x00000000000022a4      0x94a ./Firmware/GD32VW55x_standard_peripheral/Source/gd32vw55x_eclic.o
 .debug_info    0x0000000000002bee      0x3c6 ./Firmware/GD32VW55x_standard_peripheral/Source/gd32vw55x_exti.o
 .debug_info    0x0000000000002fb4      0x5b9 ./Firmware/GD32VW55x_standard_peripheral/Source/gd32vw55x_gpio.o
 .debug_info    0x000000000000356d      0xe3d ./Firmware/GD32VW55x_standard_peripheral/Source/gd32vw55x_rcu.o
 .debug_info    0x00000000000043aa      0x2e5 ./Firmware/GD32VW55x_standard_peripheral/Source/gd32vw55x_syscfg.o
 .debug_info    0x000000000000468f     0x1233 ./Firmware/GD32VW55x_standard_peripheral/Source/gd32vw55x_usart.o
 .debug_info    0x00000000000058c2      0x27c ./Firmware/GD32VW55x_standard_peripheral/system_gd32vw55x.o

.debug_abbrev   0x0000000000000000     0x16dc
 .debug_abbrev  0x0000000000000000      0x156 ./src/gd32vw553h_eval.o
 .debug_abbrev  0x0000000000000156      0x12a ./src/gd32vw55x_it.o
 .debug_abbrev  0x0000000000000280       0xc4 ./src/main.o
 .debug_abbrev  0x0000000000000344      0x1ca ./src/systick.o
 .debug_abbrev  0x000000000000050e       0x76 ./Firmware/RISCV/stubs/close.o
 .debug_abbrev  0x0000000000000584       0xc2 ./Firmware/RISCV/stubs/fstat.o
 .debug_abbrev  0x0000000000000646       0x5a ./Firmware/RISCV/stubs/isatty.o
 .debug_abbrev  0x00000000000006a0       0x85 ./Firmware/RISCV/stubs/lseek.o
 .debug_abbrev  0x0000000000000725       0x8c ./Firmware/RISCV/stubs/read.o
 .debug_abbrev  0x00000000000007b1       0xad ./Firmware/RISCV/stubs/sbrk.o
 .debug_abbrev  0x000000000000085e       0xea ./Firmware/RISCV/stubs/write.o
 .debug_abbrev  0x0000000000000948       0x12 ./Firmware/RISCV/env_Eclipse/entry.o
 .debug_abbrev  0x000000000000095a      0x19a ./Firmware/RISCV/env_Eclipse/handlers.o
 .debug_abbrev  0x0000000000000af4      0x145 ./Firmware/RISCV/env_Eclipse/init.o
 .debug_abbrev  0x0000000000000c39       0x14 ./Firmware/RISCV/env_Eclipse/start.o
 .debug_abbrev  0x0000000000000c4d      0x226 ./Firmware/GD32VW55x_standard_peripheral/Source/gd32vw55x_eclic.o
 .debug_abbrev  0x0000000000000e73       0xe7 ./Firmware/GD32VW55x_standard_peripheral/Source/gd32vw55x_exti.o
 .debug_abbrev  0x0000000000000f5a      0x1a2 ./Firmware/GD32VW55x_standard_peripheral/Source/gd32vw55x_gpio.o
 .debug_abbrev  0x00000000000010fc      0x1c7 ./Firmware/GD32VW55x_standard_peripheral/Source/gd32vw55x_rcu.o
 .debug_abbrev  0x00000000000012c3      0x129 ./Firmware/GD32VW55x_standard_peripheral/Source/gd32vw55x_syscfg.o
 .debug_abbrev  0x00000000000013ec      0x187 ./Firmware/GD32VW55x_standard_peripheral/Source/gd32vw55x_usart.o
 .debug_abbrev  0x0000000000001573      0x169 ./Firmware/GD32VW55x_standard_peripheral/system_gd32vw55x.o

.debug_aranges  0x0000000000000000      0x890
 .debug_aranges
                0x0000000000000000       0x50 ./src/gd32vw553h_eval.o
 .debug_aranges
                0x0000000000000050       0x20 ./src/gd32vw55x_it.o
 .debug_aranges
                0x0000000000000070       0x28 ./src/main.o
 .debug_aranges
                0x0000000000000098       0x30 ./src/systick.o
 .debug_aranges
                0x00000000000000c8       0x28 ./Firmware/RISCV/stubs/close.o
 .debug_aranges
                0x00000000000000f0       0x28 ./Firmware/RISCV/stubs/fstat.o
 .debug_aranges
                0x0000000000000118       0x20 ./Firmware/RISCV/stubs/isatty.o
 .debug_aranges
                0x0000000000000138       0x28 ./Firmware/RISCV/stubs/lseek.o
 .debug_aranges
                0x0000000000000160       0x28 ./Firmware/RISCV/stubs/read.o
 .debug_aranges
                0x0000000000000188       0x20 ./Firmware/RISCV/stubs/sbrk.o
 .debug_aranges
                0x00000000000001a8       0x30 ./Firmware/RISCV/stubs/write.o
 .debug_aranges
                0x00000000000001d8       0x28 ./Firmware/RISCV/env_Eclipse/entry.o
 .debug_aranges
                0x0000000000000200       0x50 ./Firmware/RISCV/env_Eclipse/handlers.o
 .debug_aranges
                0x0000000000000250       0x38 ./Firmware/RISCV/env_Eclipse/init.o
 .debug_aranges
                0x0000000000000288       0x20 ./Firmware/RISCV/env_Eclipse/start.o
 .debug_aranges
                0x00000000000002a8       0x50 ./Firmware/GD32VW55x_standard_peripheral/Source/gd32vw55x_eclic.o
 .debug_aranges
                0x00000000000002f8       0x78 ./Firmware/GD32VW55x_standard_peripheral/Source/gd32vw55x_exti.o
 .debug_aranges
                0x0000000000000370       0x90 ./Firmware/GD32VW55x_standard_peripheral/Source/gd32vw55x_gpio.o
 .debug_aranges
                0x0000000000000400      0x1a0 ./Firmware/GD32VW55x_standard_peripheral/Source/gd32vw55x_rcu.o
 .debug_aranges
                0x00000000000005a0       0x58 ./Firmware/GD32VW55x_standard_peripheral/Source/gd32vw55x_syscfg.o
 .debug_aranges
                0x00000000000005f8      0x250 ./Firmware/GD32VW55x_standard_peripheral/Source/gd32vw55x_usart.o
 .debug_aranges
                0x0000000000000848       0x48 ./Firmware/GD32VW55x_standard_peripheral/system_gd32vw55x.o

.debug_ranges   0x0000000000000000      0x728
 .debug_ranges  0x0000000000000000       0x40 ./src/gd32vw553h_eval.o
 .debug_ranges  0x0000000000000040       0x10 ./src/gd32vw55x_it.o
 .debug_ranges  0x0000000000000050       0x18 ./src/main.o
 .debug_ranges  0x0000000000000068       0x20 ./src/systick.o
 .debug_ranges  0x0000000000000088       0x18 ./Firmware/RISCV/stubs/close.o
 .debug_ranges  0x00000000000000a0       0x18 ./Firmware/RISCV/stubs/fstat.o
 .debug_ranges  0x00000000000000b8       0x10 ./Firmware/RISCV/stubs/isatty.o
 .debug_ranges  0x00000000000000c8       0x18 ./Firmware/RISCV/stubs/lseek.o
 .debug_ranges  0x00000000000000e0       0x18 ./Firmware/RISCV/stubs/read.o
 .debug_ranges  0x00000000000000f8       0x10 ./Firmware/RISCV/stubs/sbrk.o
 .debug_ranges  0x0000000000000108       0x20 ./Firmware/RISCV/stubs/write.o
 .debug_ranges  0x0000000000000128       0x20 ./Firmware/RISCV/env_Eclipse/entry.o
 .debug_ranges  0x0000000000000148       0x40 ./Firmware/RISCV/env_Eclipse/handlers.o
 .debug_ranges  0x0000000000000188       0x28 ./Firmware/RISCV/env_Eclipse/init.o
 .debug_ranges  0x00000000000001b0       0x40 ./Firmware/GD32VW55x_standard_peripheral/Source/gd32vw55x_eclic.o
 .debug_ranges  0x00000000000001f0       0x68 ./Firmware/GD32VW55x_standard_peripheral/Source/gd32vw55x_exti.o
 .debug_ranges  0x0000000000000258       0x80 ./Firmware/GD32VW55x_standard_peripheral/Source/gd32vw55x_gpio.o
 .debug_ranges  0x00000000000002d8      0x190 ./Firmware/GD32VW55x_standard_peripheral/Source/gd32vw55x_rcu.o
 .debug_ranges  0x0000000000000468       0x48 ./Firmware/GD32VW55x_standard_peripheral/Source/gd32vw55x_syscfg.o
 .debug_ranges  0x00000000000004b0      0x240 ./Firmware/GD32VW55x_standard_peripheral/Source/gd32vw55x_usart.o
 .debug_ranges  0x00000000000006f0       0x38 ./Firmware/GD32VW55x_standard_peripheral/system_gd32vw55x.o

.debug_macro    0x0000000000000000     0xffe7
 .debug_macro   0x0000000000000000      0x35f ./src/gd32vw553h_eval.o
 .debug_macro   0x000000000000035f      0x760 ./src/gd32vw553h_eval.o
 .debug_macro   0x0000000000000abf      0x174 ./src/gd32vw553h_eval.o
 .debug_macro   0x0000000000000c33       0x22 ./src/gd32vw553h_eval.o
 .debug_macro   0x0000000000000c55       0x52 ./src/gd32vw553h_eval.o
 .debug_macro   0x0000000000000ca7       0x19 ./src/gd32vw553h_eval.o
 .debug_macro   0x0000000000000cc0       0x94 ./src/gd32vw553h_eval.o
 .debug_macro   0x0000000000000d54       0x34 ./src/gd32vw553h_eval.o
 .debug_macro   0x0000000000000d88       0x34 ./src/gd32vw553h_eval.o
 .debug_macro   0x0000000000000dbc       0x16 ./src/gd32vw553h_eval.o
 .debug_macro   0x0000000000000dd2       0x57 ./src/gd32vw553h_eval.o
 .debug_macro   0x0000000000000e29       0x35 ./src/gd32vw553h_eval.o
 .debug_macro   0x0000000000000e5e      0x341 ./src/gd32vw553h_eval.o
 .debug_macro   0x000000000000119f       0x10 ./src/gd32vw553h_eval.o
 .debug_macro   0x00000000000011af       0x16 ./src/gd32vw553h_eval.o
 .debug_macro   0x00000000000011c5       0x43 ./src/gd32vw553h_eval.o
 .debug_macro   0x0000000000001208       0x34 ./src/gd32vw553h_eval.o
 .debug_macro   0x000000000000123c       0x10 ./src/gd32vw553h_eval.o
 .debug_macro   0x000000000000124c       0x52 ./src/gd32vw553h_eval.o
 .debug_macro   0x000000000000129e      0x182 ./src/gd32vw553h_eval.o
 .debug_macro   0x0000000000001420       0x10 ./src/gd32vw553h_eval.o
 .debug_macro   0x0000000000001430       0x6a ./src/gd32vw553h_eval.o
 .debug_macro   0x000000000000149a       0x1c ./src/gd32vw553h_eval.o
 .debug_macro   0x00000000000014b6       0x52 ./src/gd32vw553h_eval.o
 .debug_macro   0x0000000000001508       0x22 ./src/gd32vw553h_eval.o
 .debug_macro   0x000000000000152a       0x10 ./src/gd32vw553h_eval.o
 .debug_macro   0x000000000000153a       0x52 ./src/gd32vw553h_eval.o
 .debug_macro   0x000000000000158c       0xd5 ./src/gd32vw553h_eval.o
 .debug_macro   0x0000000000001661       0x1c ./src/gd32vw553h_eval.o
 .debug_macro   0x000000000000167d       0x3d ./src/gd32vw553h_eval.o
 .debug_macro   0x00000000000016ba       0x16 ./src/gd32vw553h_eval.o
 .debug_macro   0x00000000000016d0      0x16f ./src/gd32vw553h_eval.o
 .debug_macro   0x000000000000183f       0xa6 ./src/gd32vw553h_eval.o
 .debug_macro   0x00000000000018e5      0x103 ./src/gd32vw553h_eval.o
 .debug_macro   0x00000000000019e8      0x1df ./src/gd32vw553h_eval.o
 .debug_macro   0x0000000000001bc7       0x22 ./src/gd32vw553h_eval.o
 .debug_macro   0x0000000000001be9       0xb2 ./src/gd32vw553h_eval.o
 .debug_macro   0x0000000000001c9b      0xea7 ./src/gd32vw553h_eval.o
 .debug_macro   0x0000000000002b42       0xc4 ./src/gd32vw553h_eval.o
 .debug_macro   0x0000000000002c06       0x79 ./src/gd32vw553h_eval.o
 .debug_macro   0x0000000000002c7f       0x18 ./src/gd32vw553h_eval.o
 .debug_macro   0x0000000000002c97      0x233 ./src/gd32vw553h_eval.o
 .debug_macro   0x0000000000002eca       0x5a ./src/gd32vw553h_eval.o
 .debug_macro   0x0000000000002f24      0x14d ./src/gd32vw553h_eval.o
 .debug_macro   0x0000000000003071       0x6a ./src/gd32vw553h_eval.o
 .debug_macro   0x00000000000030db       0x10 ./src/gd32vw553h_eval.o
 .debug_macro   0x00000000000030eb      0x12a ./src/gd32vw553h_eval.o
 .debug_macro   0x0000000000003215      0x4f0 ./src/gd32vw553h_eval.o
 .debug_macro   0x0000000000003705      0x263 ./src/gd32vw553h_eval.o
 .debug_macro   0x0000000000003968       0x34 ./src/gd32vw553h_eval.o
 .debug_macro   0x000000000000399c       0x94 ./src/gd32vw553h_eval.o
 .debug_macro   0x0000000000003a30      0x48d ./src/gd32vw553h_eval.o
 .debug_macro   0x0000000000003ebd       0x28 ./src/gd32vw553h_eval.o
 .debug_macro   0x0000000000003ee5      0x223 ./src/gd32vw553h_eval.o
 .debug_macro   0x0000000000004108      0x407 ./src/gd32vw553h_eval.o
 .debug_macro   0x000000000000450f      0x2b7 ./src/gd32vw553h_eval.o
 .debug_macro   0x00000000000047c6       0xac ./src/gd32vw553h_eval.o
 .debug_macro   0x0000000000004872      0x719 ./src/gd32vw553h_eval.o
 .debug_macro   0x0000000000004f8b      0x18a ./src/gd32vw553h_eval.o
 .debug_macro   0x0000000000005115      0x447 ./src/gd32vw553h_eval.o
 .debug_macro   0x000000000000555c      0x13b ./src/gd32vw553h_eval.o
 .debug_macro   0x0000000000005697      0x484 ./src/gd32vw553h_eval.o
 .debug_macro   0x0000000000005b1b      0x393 ./src/gd32vw553h_eval.o
 .debug_macro   0x0000000000005eae     0x18f7 ./src/gd32vw553h_eval.o
 .debug_macro   0x00000000000077a5      0x97a ./src/gd32vw553h_eval.o
 .debug_macro   0x000000000000811f      0x239 ./src/gd32vw553h_eval.o
 .debug_macro   0x0000000000008358      0x238 ./src/gd32vw553h_eval.o
 .debug_macro   0x0000000000008590      0x90e ./src/gd32vw553h_eval.o
 .debug_macro   0x0000000000008e9e       0x52 ./src/gd32vw553h_eval.o
 .debug_macro   0x0000000000008ef0      0x561 ./src/gd32vw553h_eval.o
 .debug_macro   0x0000000000009451       0x70 ./src/gd32vw553h_eval.o
 .debug_macro   0x00000000000094c1       0xb2 ./src/gd32vw553h_eval.o
 .debug_macro   0x0000000000009573      0x36e ./src/gd32vw55x_it.o
 .debug_macro   0x00000000000098e1      0x36d ./src/main.o
 .debug_macro   0x0000000000009c4e       0xb8 ./src/main.o
 .debug_macro   0x0000000000009d06      0x35a ./src/systick.o
 .debug_macro   0x000000000000a060      0x1b0 ./Firmware/RISCV/stubs/close.o
 .debug_macro   0x000000000000a210       0x10 ./Firmware/RISCV/stubs/close.o
 .debug_macro   0x000000000000a220      0x23b ./Firmware/RISCV/stubs/close.o
 .debug_macro   0x000000000000a45b       0x16 ./Firmware/RISCV/stubs/close.o
 .debug_macro   0x000000000000a471      0x1f8 ./Firmware/RISCV/stubs/fstat.o
 .debug_macro   0x000000000000a669       0x10 ./Firmware/RISCV/stubs/fstat.o
 .debug_macro   0x000000000000a679       0x10 ./Firmware/RISCV/stubs/fstat.o
 .debug_macro   0x000000000000a689       0x10 ./Firmware/RISCV/stubs/fstat.o
 .debug_macro   0x000000000000a699       0x35 ./Firmware/RISCV/stubs/fstat.o
 .debug_macro   0x000000000000a6ce      0x12c ./Firmware/RISCV/stubs/fstat.o
 .debug_macro   0x000000000000a7fa      0x151 ./Firmware/RISCV/stubs/isatty.o
 .debug_macro   0x000000000000a94b      0x1b0 ./Firmware/RISCV/stubs/lseek.o
 .debug_macro   0x000000000000aafb      0x1b6 ./Firmware/RISCV/stubs/read.o
 .debug_macro   0x000000000000acb1       0x8e ./Firmware/RISCV/stubs/read.o
 .debug_macro   0x000000000000ad3f       0x51 ./Firmware/RISCV/stubs/read.o
 .debug_macro   0x000000000000ad90       0x58 ./Firmware/RISCV/stubs/read.o
 .debug_macro   0x000000000000ade8       0x1a ./Firmware/RISCV/stubs/sbrk.o
 .debug_macro   0x000000000000ae02      0x3c6 ./Firmware/RISCV/stubs/write.o
 .debug_macro   0x000000000000b1c8       0x10 ./Firmware/RISCV/stubs/write.o
 .debug_macro   0x000000000000b1d8      0x241 ./Firmware/RISCV/stubs/write.o
 .debug_macro   0x000000000000b419       0x1c ./Firmware/RISCV/stubs/write.o
 .debug_macro   0x000000000000b435       0x10 ./Firmware/RISCV/stubs/write.o
 .debug_macro   0x000000000000b445      0x15a ./Firmware/RISCV/stubs/write.o
 .debug_macro   0x000000000000b59f      0x356 ./Firmware/RISCV/env_Eclipse/handlers.o
 .debug_macro   0x000000000000b8f5      0x350 ./Firmware/RISCV/env_Eclipse/init.o
 .debug_macro   0x000000000000bc45      0x35e ./Firmware/GD32VW55x_standard_peripheral/Source/gd32vw55x_eclic.o
 .debug_macro   0x000000000000bfa3       0x22 ./Firmware/GD32VW55x_standard_peripheral/Source/gd32vw55x_eclic.o
 .debug_macro   0x000000000000bfc5      0x360 ./Firmware/GD32VW55x_standard_peripheral/Source/gd32vw55x_exti.o
 .debug_macro   0x000000000000c325      0x401 ./Firmware/GD32VW55x_standard_peripheral/Source/gd32vw55x_exti.o
 .debug_macro   0x000000000000c726      0x35a ./Firmware/GD32VW55x_standard_peripheral/Source/gd32vw55x_gpio.o
 .debug_macro   0x000000000000ca80      0x713 ./Firmware/GD32VW55x_standard_peripheral/Source/gd32vw55x_gpio.o
 .debug_macro   0x000000000000d193      0x384 ./Firmware/GD32VW55x_standard_peripheral/Source/gd32vw55x_rcu.o
 .debug_macro   0x000000000000d517     0x18f1 ./Firmware/GD32VW55x_standard_peripheral/Source/gd32vw55x_rcu.o
 .debug_macro   0x000000000000ee08      0x360 ./Firmware/GD32VW55x_standard_peripheral/Source/gd32vw55x_syscfg.o
 .debug_macro   0x000000000000f168      0x232 ./Firmware/GD32VW55x_standard_peripheral/Source/gd32vw55x_syscfg.o
 .debug_macro   0x000000000000f39a      0x37e ./Firmware/GD32VW55x_standard_peripheral/Source/gd32vw55x_usart.o
 .debug_macro   0x000000000000f718      0x55b ./Firmware/GD32VW55x_standard_peripheral/Source/gd32vw55x_usart.o
 .debug_macro   0x000000000000fc73      0x374 ./Firmware/GD32VW55x_standard_peripheral/system_gd32vw55x.o

.debug_line     0x0000000000000000     0xbd52
 .debug_line    0x0000000000000000      0x96f ./src/gd32vw553h_eval.o
 .debug_line    0x000000000000096f      0x7dd ./src/gd32vw55x_it.o
 .debug_line    0x000000000000114c      0x8ee ./src/main.o
 .debug_line    0x0000000000001a3a      0x88a ./src/systick.o
 .debug_line    0x00000000000022c4      0x424 ./Firmware/RISCV/stubs/close.o
 .debug_line    0x00000000000026e8      0x46f ./Firmware/RISCV/stubs/fstat.o
 .debug_line    0x0000000000002b57      0x3c3 ./Firmware/RISCV/stubs/isatty.o
 .debug_line    0x0000000000002f1a      0x43c ./Firmware/RISCV/stubs/lseek.o
 .debug_line    0x0000000000003356      0x425 ./Firmware/RISCV/stubs/read.o
 .debug_line    0x000000000000377b      0x12a ./Firmware/RISCV/stubs/sbrk.o
 .debug_line    0x00000000000038a5      0x8ec ./Firmware/RISCV/stubs/write.o
 .debug_line    0x0000000000004191       0xbc ./Firmware/RISCV/env_Eclipse/entry.o
 .debug_line    0x000000000000424d      0x94c ./Firmware/RISCV/env_Eclipse/handlers.o
 .debug_line    0x0000000000004b99      0x832 ./Firmware/RISCV/env_Eclipse/init.o
 .debug_line    0x00000000000053cb      0x14e ./Firmware/RISCV/env_Eclipse/start.o
 .debug_line    0x0000000000005519      0xb03 ./Firmware/GD32VW55x_standard_peripheral/Source/gd32vw55x_eclic.o
 .debug_line    0x000000000000601c      0xb05 ./Firmware/GD32VW55x_standard_peripheral/Source/gd32vw55x_exti.o
 .debug_line    0x0000000000006b21      0xd5e ./Firmware/GD32VW55x_standard_peripheral/Source/gd32vw55x_gpio.o
 .debug_line    0x000000000000787f     0x177f ./Firmware/GD32VW55x_standard_peripheral/Source/gd32vw55x_rcu.o
 .debug_line    0x0000000000008ffe      0x9cc ./Firmware/GD32VW55x_standard_peripheral/Source/gd32vw55x_syscfg.o
 .debug_line    0x00000000000099ca     0x1799 ./Firmware/GD32VW55x_standard_peripheral/Source/gd32vw55x_usart.o
 .debug_line    0x000000000000b163      0xbef ./Firmware/GD32VW55x_standard_peripheral/system_gd32vw55x.o

.debug_str      0x0000000000000000    0x31b50
 .debug_str     0x0000000000000000    0x2d774 ./src/gd32vw553h_eval.o
                                      0x2d9c1 (size before relaxing)
 .debug_str     0x000000000002d774       0xa4 ./src/gd32vw55x_it.o
                                      0x2d323 (size before relaxing)
 .debug_str     0x000000000002d818       0x6b ./src/main.o
                                      0x2d163 (size before relaxing)
 .debug_str     0x000000000002d883      0x137 ./src/systick.o
                                      0x2d428 (size before relaxing)
 .debug_str     0x000000000002d9ba     0x144d ./Firmware/RISCV/stubs/close.o
                                       0x7d03 (size before relaxing)
 .debug_str     0x000000000002ee07      0x675 ./Firmware/RISCV/stubs/fstat.o
                                       0x83cc (size before relaxing)
 .debug_str     0x000000000002f47c       0x29 ./Firmware/RISCV/stubs/isatty.o
                                       0x6008 (size before relaxing)
 .debug_str     0x000000000002f4a5       0x27 ./Firmware/RISCV/stubs/lseek.o
                                       0x7d18 (size before relaxing)
 .debug_str     0x000000000002f4cc       0x25 ./Firmware/RISCV/stubs/read.o
                                       0x7d19 (size before relaxing)
 .debug_str     0x000000000002f4f1       0x3b ./Firmware/RISCV/stubs/sbrk.o
                                       0x29df (size before relaxing)
 .debug_str     0x000000000002f52c      0x1d5 ./Firmware/RISCV/stubs/write.o
                                      0x2e6d2 (size before relaxing)
 .debug_str     0x000000000002f701       0x34 ./Firmware/RISCV/env_Eclipse/entry.o
                                         0x6b (size before relaxing)
 .debug_str     0x000000000002f735      0x1e2 ./Firmware/RISCV/env_Eclipse/handlers.o
                                      0x2cf65 (size before relaxing)
 .debug_str     0x000000000002f917       0x6e ./Firmware/RISCV/env_Eclipse/init.o
                                      0x2ceac (size before relaxing)
 .debug_str     0x000000000002f985       0x26 ./Firmware/RISCV/env_Eclipse/start.o
                                         0x6b (size before relaxing)
 .debug_str     0x000000000002f9ab      0x176 ./Firmware/GD32VW55x_standard_peripheral/Source/gd32vw55x_eclic.o
                                      0x2d542 (size before relaxing)
 .debug_str     0x000000000002fb21      0x1a4 ./Firmware/GD32VW55x_standard_peripheral/Source/gd32vw55x_exti.o
                                      0x2d055 (size before relaxing)
 .debug_str     0x000000000002fcc5      0x317 ./Firmware/GD32VW55x_standard_peripheral/Source/gd32vw55x_gpio.o
                                      0x2d0d1 (size before relaxing)
 .debug_str     0x000000000002ffdc      0xad5 ./Firmware/GD32VW55x_standard_peripheral/Source/gd32vw55x_rcu.o
                                      0x2dba4 (size before relaxing)
 .debug_str     0x0000000000030ab1      0x1b4 ./Firmware/GD32VW55x_standard_peripheral/Source/gd32vw55x_syscfg.o
                                      0x2d0d0 (size before relaxing)
 .debug_str     0x0000000000030c65      0xbf1 ./Firmware/GD32VW55x_standard_peripheral/Source/gd32vw55x_usart.o
                                      0x2dcd8 (size before relaxing)
 .debug_str     0x0000000000031856      0x2fa ./Firmware/GD32VW55x_standard_peripheral/system_gd32vw55x.o
                                      0x2d0cb (size before relaxing)

.comment        0x0000000000000000       0x12
 .comment       0x0000000000000000       0x12 ./src/gd32vw553h_eval.o
                                         0x13 (size before relaxing)
 .comment       0x0000000000000012       0x13 ./src/gd32vw55x_it.o
 .comment       0x0000000000000012       0x13 ./src/main.o
 .comment       0x0000000000000012       0x13 ./src/systick.o
 .comment       0x0000000000000012       0x13 ./Firmware/RISCV/stubs/close.o
 .comment       0x0000000000000012       0x13 ./Firmware/RISCV/stubs/fstat.o
 .comment       0x0000000000000012       0x13 ./Firmware/RISCV/stubs/isatty.o
 .comment       0x0000000000000012       0x13 ./Firmware/RISCV/stubs/lseek.o
 .comment       0x0000000000000012       0x13 ./Firmware/RISCV/stubs/read.o
 .comment       0x0000000000000012       0x13 ./Firmware/RISCV/stubs/sbrk.o
 .comment       0x0000000000000012       0x13 ./Firmware/RISCV/stubs/write.o
 .comment       0x0000000000000012       0x13 ./Firmware/RISCV/env_Eclipse/handlers.o
 .comment       0x0000000000000012       0x13 ./Firmware/RISCV/env_Eclipse/init.o
 .comment       0x0000000000000012       0x13 ./Firmware/GD32VW55x_standard_peripheral/Source/gd32vw55x_eclic.o
 .comment       0x0000000000000012       0x13 ./Firmware/GD32VW55x_standard_peripheral/Source/gd32vw55x_exti.o
 .comment       0x0000000000000012       0x13 ./Firmware/GD32VW55x_standard_peripheral/Source/gd32vw55x_gpio.o
 .comment       0x0000000000000012       0x13 ./Firmware/GD32VW55x_standard_peripheral/Source/gd32vw55x_rcu.o
 .comment       0x0000000000000012       0x13 ./Firmware/GD32VW55x_standard_peripheral/Source/gd32vw55x_syscfg.o
 .comment       0x0000000000000012       0x13 ./Firmware/GD32VW55x_standard_peripheral/Source/gd32vw55x_usart.o
 .comment       0x0000000000000012       0x13 ./Firmware/GD32VW55x_standard_peripheral/system_gd32vw55x.o
 .comment       0x0000000000000012       0x13 e:/gd32/gd32embeddedbuilder_v1.5.2.30854/tools/nuclei_riscv_newlibc_prebuilt_win32_2022.04/gcc/bin/../lib/gcc/riscv-nuclei-elf/10.2.0/../../../../riscv-nuclei-elf/lib/rv32imac/ilp32\libg_nano.a(lib_a-atexit.o)
 .comment       0x0000000000000012       0x13 e:/gd32/gd32embeddedbuilder_v1.5.2.30854/tools/nuclei_riscv_newlibc_prebuilt_win32_2022.04/gcc/bin/../lib/gcc/riscv-nuclei-elf/10.2.0/../../../../riscv-nuclei-elf/lib/rv32imac/ilp32\libg_nano.a(lib_a-fini.o)
 .comment       0x0000000000000012       0x13 e:/gd32/gd32embeddedbuilder_v1.5.2.30854/tools/nuclei_riscv_newlibc_prebuilt_win32_2022.04/gcc/bin/../lib/gcc/riscv-nuclei-elf/10.2.0/../../../../riscv-nuclei-elf/lib/rv32imac/ilp32\libg_nano.a(lib_a-init.o)
 .comment       0x0000000000000012       0x13 e:/gd32/gd32embeddedbuilder_v1.5.2.30854/tools/nuclei_riscv_newlibc_prebuilt_win32_2022.04/gcc/bin/../lib/gcc/riscv-nuclei-elf/10.2.0/../../../../riscv-nuclei-elf/lib/rv32imac/ilp32\libg_nano.a(lib_a-printf.o)
 .comment       0x0000000000000012       0x13 e:/gd32/gd32embeddedbuilder_v1.5.2.30854/tools/nuclei_riscv_newlibc_prebuilt_win32_2022.04/gcc/bin/../lib/gcc/riscv-nuclei-elf/10.2.0/../../../../riscv-nuclei-elf/lib/rv32imac/ilp32\libg_nano.a(lib_a-sysisatty.o)
 .comment       0x0000000000000012       0x13 e:/gd32/gd32embeddedbuilder_v1.5.2.30854/tools/nuclei_riscv_newlibc_prebuilt_win32_2022.04/gcc/bin/../lib/gcc/riscv-nuclei-elf/10.2.0/../../../../riscv-nuclei-elf/lib/rv32imac/ilp32\libg_nano.a(lib_a-writer.o)
 .comment       0x0000000000000012       0x13 e:/gd32/gd32embeddedbuilder_v1.5.2.30854/tools/nuclei_riscv_newlibc_prebuilt_win32_2022.04/gcc/bin/../lib/gcc/riscv-nuclei-elf/10.2.0/../../../../riscv-nuclei-elf/lib/rv32imac/ilp32\libg_nano.a(lib_a-__atexit.o)
 .comment       0x0000000000000012       0x13 e:/gd32/gd32embeddedbuilder_v1.5.2.30854/tools/nuclei_riscv_newlibc_prebuilt_win32_2022.04/gcc/bin/../lib/gcc/riscv-nuclei-elf/10.2.0/../../../../riscv-nuclei-elf/lib/rv32imac/ilp32\libg_nano.a(lib_a-__call_atexit.o)
 .comment       0x0000000000000012       0x13 e:/gd32/gd32embeddedbuilder_v1.5.2.30854/tools/nuclei_riscv_newlibc_prebuilt_win32_2022.04/gcc/bin/../lib/gcc/riscv-nuclei-elf/10.2.0/../../../../riscv-nuclei-elf/lib/rv32imac/ilp32\libg_nano.a(lib_a-findfp.o)
 .comment       0x0000000000000012       0x13 e:/gd32/gd32embeddedbuilder_v1.5.2.30854/tools/nuclei_riscv_newlibc_prebuilt_win32_2022.04/gcc/bin/../lib/gcc/riscv-nuclei-elf/10.2.0/../../../../riscv-nuclei-elf/lib/rv32imac/ilp32\libg_nano.a(lib_a-fwalk.o)
 .comment       0x0000000000000012       0x13 e:/gd32/gd32embeddedbuilder_v1.5.2.30854/tools/nuclei_riscv_newlibc_prebuilt_win32_2022.04/gcc/bin/../lib/gcc/riscv-nuclei-elf/10.2.0/../../../../riscv-nuclei-elf/lib/rv32imac/ilp32\libg_nano.a(lib_a-impure.o)
 .comment       0x0000000000000012       0x13 e:/gd32/gd32embeddedbuilder_v1.5.2.30854/tools/nuclei_riscv_newlibc_prebuilt_win32_2022.04/gcc/bin/../lib/gcc/riscv-nuclei-elf/10.2.0/../../../../riscv-nuclei-elf/lib/rv32imac/ilp32\libg_nano.a(lib_a-nano-mallocr.o)
 .comment       0x0000000000000012       0x13 e:/gd32/gd32embeddedbuilder_v1.5.2.30854/tools/nuclei_riscv_newlibc_prebuilt_win32_2022.04/gcc/bin/../lib/gcc/riscv-nuclei-elf/10.2.0/../../../../riscv-nuclei-elf/lib/rv32imac/ilp32\libg_nano.a(lib_a-nano-vfprintf.o)
 .comment       0x0000000000000012       0x13 e:/gd32/gd32embeddedbuilder_v1.5.2.30854/tools/nuclei_riscv_newlibc_prebuilt_win32_2022.04/gcc/bin/../lib/gcc/riscv-nuclei-elf/10.2.0/../../../../riscv-nuclei-elf/lib/rv32imac/ilp32\libg_nano.a(lib_a-nano-vfprintf_i.o)
 .comment       0x0000000000000012       0x13 e:/gd32/gd32embeddedbuilder_v1.5.2.30854/tools/nuclei_riscv_newlibc_prebuilt_win32_2022.04/gcc/bin/../lib/gcc/riscv-nuclei-elf/10.2.0/../../../../riscv-nuclei-elf/lib/rv32imac/ilp32\libg_nano.a(lib_a-reent.o)
 .comment       0x0000000000000012       0x13 e:/gd32/gd32embeddedbuilder_v1.5.2.30854/tools/nuclei_riscv_newlibc_prebuilt_win32_2022.04/gcc/bin/../lib/gcc/riscv-nuclei-elf/10.2.0/../../../../riscv-nuclei-elf/lib/rv32imac/ilp32\libg_nano.a(lib_a-sbrkr.o)
 .comment       0x0000000000000012       0x13 e:/gd32/gd32embeddedbuilder_v1.5.2.30854/tools/nuclei_riscv_newlibc_prebuilt_win32_2022.04/gcc/bin/../lib/gcc/riscv-nuclei-elf/10.2.0/../../../../riscv-nuclei-elf/lib/rv32imac/ilp32\libg_nano.a(lib_a-stdio.o)
 .comment       0x0000000000000012       0x13 e:/gd32/gd32embeddedbuilder_v1.5.2.30854/tools/nuclei_riscv_newlibc_prebuilt_win32_2022.04/gcc/bin/../lib/gcc/riscv-nuclei-elf/10.2.0/../../../../riscv-nuclei-elf/lib/rv32imac/ilp32\libg_nano.a(lib_a-wbuf.o)
 .comment       0x0000000000000012       0x13 e:/gd32/gd32embeddedbuilder_v1.5.2.30854/tools/nuclei_riscv_newlibc_prebuilt_win32_2022.04/gcc/bin/../lib/gcc/riscv-nuclei-elf/10.2.0/../../../../riscv-nuclei-elf/lib/rv32imac/ilp32\libg_nano.a(lib_a-wsetup.o)
 .comment       0x0000000000000012       0x13 e:/gd32/gd32embeddedbuilder_v1.5.2.30854/tools/nuclei_riscv_newlibc_prebuilt_win32_2022.04/gcc/bin/../lib/gcc/riscv-nuclei-elf/10.2.0/../../../../riscv-nuclei-elf/lib/rv32imac/ilp32\libg_nano.a(lib_a-closer.o)
 .comment       0x0000000000000012       0x13 e:/gd32/gd32embeddedbuilder_v1.5.2.30854/tools/nuclei_riscv_newlibc_prebuilt_win32_2022.04/gcc/bin/../lib/gcc/riscv-nuclei-elf/10.2.0/../../../../riscv-nuclei-elf/lib/rv32imac/ilp32\libg_nano.a(lib_a-fflush.o)
 .comment       0x0000000000000012       0x13 e:/gd32/gd32embeddedbuilder_v1.5.2.30854/tools/nuclei_riscv_newlibc_prebuilt_win32_2022.04/gcc/bin/../lib/gcc/riscv-nuclei-elf/10.2.0/../../../../riscv-nuclei-elf/lib/rv32imac/ilp32\libg_nano.a(lib_a-lseekr.o)
 .comment       0x0000000000000012       0x13 e:/gd32/gd32embeddedbuilder_v1.5.2.30854/tools/nuclei_riscv_newlibc_prebuilt_win32_2022.04/gcc/bin/../lib/gcc/riscv-nuclei-elf/10.2.0/../../../../riscv-nuclei-elf/lib/rv32imac/ilp32\libg_nano.a(lib_a-makebuf.o)
 .comment       0x0000000000000012       0x13 e:/gd32/gd32embeddedbuilder_v1.5.2.30854/tools/nuclei_riscv_newlibc_prebuilt_win32_2022.04/gcc/bin/../lib/gcc/riscv-nuclei-elf/10.2.0/../../../../riscv-nuclei-elf/lib/rv32imac/ilp32\libg_nano.a(lib_a-memchr.o)
 .comment       0x0000000000000012       0x13 e:/gd32/gd32embeddedbuilder_v1.5.2.30854/tools/nuclei_riscv_newlibc_prebuilt_win32_2022.04/gcc/bin/../lib/gcc/riscv-nuclei-elf/10.2.0/../../../../riscv-nuclei-elf/lib/rv32imac/ilp32\libg_nano.a(lib_a-mlock.o)
 .comment       0x0000000000000012       0x13 e:/gd32/gd32embeddedbuilder_v1.5.2.30854/tools/nuclei_riscv_newlibc_prebuilt_win32_2022.04/gcc/bin/../lib/gcc/riscv-nuclei-elf/10.2.0/../../../../riscv-nuclei-elf/lib/rv32imac/ilp32\libg_nano.a(lib_a-nano-freer.o)
 .comment       0x0000000000000012       0x13 e:/gd32/gd32embeddedbuilder_v1.5.2.30854/tools/nuclei_riscv_newlibc_prebuilt_win32_2022.04/gcc/bin/../lib/gcc/riscv-nuclei-elf/10.2.0/../../../../riscv-nuclei-elf/lib/rv32imac/ilp32\libg_nano.a(lib_a-readr.o)
 .comment       0x0000000000000012       0x13 e:/gd32/gd32embeddedbuilder_v1.5.2.30854/tools/nuclei_riscv_newlibc_prebuilt_win32_2022.04/gcc/bin/../lib/gcc/riscv-nuclei-elf/10.2.0/../../../../riscv-nuclei-elf/lib/rv32imac/ilp32\libg_nano.a(lib_a-fstatr.o)
 .comment       0x0000000000000012       0x13 e:/gd32/gd32embeddedbuilder_v1.5.2.30854/tools/nuclei_riscv_newlibc_prebuilt_win32_2022.04/gcc/bin/../lib/gcc/riscv-nuclei-elf/10.2.0/../../../../riscv-nuclei-elf/lib/rv32imac/ilp32\libg_nano.a(lib_a-isattyr.o)

.riscv.attributes
                0x0000000000000000       0x2f
 .riscv.attributes
                0x0000000000000000       0x2b ./src/gd32vw553h_eval.o
 .riscv.attributes
                0x000000000000002b       0x2b ./src/gd32vw55x_it.o
 .riscv.attributes
                0x0000000000000056       0x2b ./src/main.o
 .riscv.attributes
                0x0000000000000081       0x2b ./src/systick.o
 .riscv.attributes
                0x00000000000000ac       0x2b ./Firmware/RISCV/stubs/close.o
 .riscv.attributes
                0x00000000000000d7       0x2b ./Firmware/RISCV/stubs/fstat.o
 .riscv.attributes
                0x0000000000000102       0x2b ./Firmware/RISCV/stubs/isatty.o
 .riscv.attributes
                0x000000000000012d       0x2b ./Firmware/RISCV/stubs/lseek.o
 .riscv.attributes
                0x0000000000000158       0x2b ./Firmware/RISCV/stubs/read.o
 .riscv.attributes
                0x0000000000000183       0x2b ./Firmware/RISCV/stubs/sbrk.o
 .riscv.attributes
                0x00000000000001ae       0x2b ./Firmware/RISCV/stubs/write.o
 .riscv.attributes
                0x00000000000001d9       0x2d ./Firmware/RISCV/env_Eclipse/entry.o
 .riscv.attributes
                0x0000000000000206       0x2b ./Firmware/RISCV/env_Eclipse/handlers.o
 .riscv.attributes
                0x0000000000000231       0x2f ./Firmware/RISCV/env_Eclipse/init.o
 .riscv.attributes
                0x0000000000000260       0x2d ./Firmware/RISCV/env_Eclipse/start.o
 .riscv.attributes
                0x000000000000028d       0x2f ./Firmware/GD32VW55x_standard_peripheral/Source/gd32vw55x_eclic.o
 .riscv.attributes
                0x00000000000002bc       0x2b ./Firmware/GD32VW55x_standard_peripheral/Source/gd32vw55x_exti.o
 .riscv.attributes
                0x00000000000002e7       0x2b ./Firmware/GD32VW55x_standard_peripheral/Source/gd32vw55x_gpio.o
 .riscv.attributes
                0x0000000000000312       0x2b ./Firmware/GD32VW55x_standard_peripheral/Source/gd32vw55x_rcu.o
 .riscv.attributes
                0x000000000000033d       0x2b ./Firmware/GD32VW55x_standard_peripheral/Source/gd32vw55x_syscfg.o
 .riscv.attributes
                0x0000000000000368       0x2b ./Firmware/GD32VW55x_standard_peripheral/Source/gd32vw55x_usart.o
 .riscv.attributes
                0x0000000000000393       0x2b ./Firmware/GD32VW55x_standard_peripheral/system_gd32vw55x.o
 .riscv.attributes
                0x00000000000003be       0x2b e:/gd32/gd32embeddedbuilder_v1.5.2.30854/tools/nuclei_riscv_newlibc_prebuilt_win32_2022.04/gcc/bin/../lib/gcc/riscv-nuclei-elf/10.2.0/../../../../riscv-nuclei-elf/lib/rv32imac/ilp32\libg_nano.a(lib_a-atexit.o)
 .riscv.attributes
                0x00000000000003e9       0x2b e:/gd32/gd32embeddedbuilder_v1.5.2.30854/tools/nuclei_riscv_newlibc_prebuilt_win32_2022.04/gcc/bin/../lib/gcc/riscv-nuclei-elf/10.2.0/../../../../riscv-nuclei-elf/lib/rv32imac/ilp32\libg_nano.a(lib_a-fini.o)
 .riscv.attributes
                0x0000000000000414       0x2b e:/gd32/gd32embeddedbuilder_v1.5.2.30854/tools/nuclei_riscv_newlibc_prebuilt_win32_2022.04/gcc/bin/../lib/gcc/riscv-nuclei-elf/10.2.0/../../../../riscv-nuclei-elf/lib/rv32imac/ilp32\libg_nano.a(lib_a-init.o)
 .riscv.attributes
                0x000000000000043f       0x2b e:/gd32/gd32embeddedbuilder_v1.5.2.30854/tools/nuclei_riscv_newlibc_prebuilt_win32_2022.04/gcc/bin/../lib/gcc/riscv-nuclei-elf/10.2.0/../../../../riscv-nuclei-elf/lib/rv32imac/ilp32\libg_nano.a(lib_a-printf.o)
 .riscv.attributes
                0x000000000000046a       0x2b e:/gd32/gd32embeddedbuilder_v1.5.2.30854/tools/nuclei_riscv_newlibc_prebuilt_win32_2022.04/gcc/bin/../lib/gcc/riscv-nuclei-elf/10.2.0/../../../../riscv-nuclei-elf/lib/rv32imac/ilp32\libg_nano.a(lib_a-sysisatty.o)
 .riscv.attributes
                0x0000000000000495       0x2b e:/gd32/gd32embeddedbuilder_v1.5.2.30854/tools/nuclei_riscv_newlibc_prebuilt_win32_2022.04/gcc/bin/../lib/gcc/riscv-nuclei-elf/10.2.0/../../../../riscv-nuclei-elf/lib/rv32imac/ilp32\libg_nano.a(lib_a-writer.o)
 .riscv.attributes
                0x00000000000004c0       0x2b e:/gd32/gd32embeddedbuilder_v1.5.2.30854/tools/nuclei_riscv_newlibc_prebuilt_win32_2022.04/gcc/bin/../lib/gcc/riscv-nuclei-elf/10.2.0/../../../../riscv-nuclei-elf/lib/rv32imac/ilp32\libg_nano.a(lib_a-__atexit.o)
 .riscv.attributes
                0x00000000000004eb       0x2b e:/gd32/gd32embeddedbuilder_v1.5.2.30854/tools/nuclei_riscv_newlibc_prebuilt_win32_2022.04/gcc/bin/../lib/gcc/riscv-nuclei-elf/10.2.0/../../../../riscv-nuclei-elf/lib/rv32imac/ilp32\libg_nano.a(lib_a-__call_atexit.o)
 .riscv.attributes
                0x0000000000000516       0x2b e:/gd32/gd32embeddedbuilder_v1.5.2.30854/tools/nuclei_riscv_newlibc_prebuilt_win32_2022.04/gcc/bin/../lib/gcc/riscv-nuclei-elf/10.2.0/../../../../riscv-nuclei-elf/lib/rv32imac/ilp32\libg_nano.a(lib_a-findfp.o)
 .riscv.attributes
                0x0000000000000541       0x2b e:/gd32/gd32embeddedbuilder_v1.5.2.30854/tools/nuclei_riscv_newlibc_prebuilt_win32_2022.04/gcc/bin/../lib/gcc/riscv-nuclei-elf/10.2.0/../../../../riscv-nuclei-elf/lib/rv32imac/ilp32\libg_nano.a(lib_a-fwalk.o)
 .riscv.attributes
                0x000000000000056c       0x2b e:/gd32/gd32embeddedbuilder_v1.5.2.30854/tools/nuclei_riscv_newlibc_prebuilt_win32_2022.04/gcc/bin/../lib/gcc/riscv-nuclei-elf/10.2.0/../../../../riscv-nuclei-elf/lib/rv32imac/ilp32\libg_nano.a(lib_a-impure.o)
 .riscv.attributes
                0x0000000000000597       0x29 e:/gd32/gd32embeddedbuilder_v1.5.2.30854/tools/nuclei_riscv_newlibc_prebuilt_win32_2022.04/gcc/bin/../lib/gcc/riscv-nuclei-elf/10.2.0/../../../../riscv-nuclei-elf/lib/rv32imac/ilp32\libg_nano.a(lib_a-memset.o)
 .riscv.attributes
                0x00000000000005c0       0x2b e:/gd32/gd32embeddedbuilder_v1.5.2.30854/tools/nuclei_riscv_newlibc_prebuilt_win32_2022.04/gcc/bin/../lib/gcc/riscv-nuclei-elf/10.2.0/../../../../riscv-nuclei-elf/lib/rv32imac/ilp32\libg_nano.a(lib_a-nano-mallocr.o)
 .riscv.attributes
                0x00000000000005eb       0x2b e:/gd32/gd32embeddedbuilder_v1.5.2.30854/tools/nuclei_riscv_newlibc_prebuilt_win32_2022.04/gcc/bin/../lib/gcc/riscv-nuclei-elf/10.2.0/../../../../riscv-nuclei-elf/lib/rv32imac/ilp32\libg_nano.a(lib_a-nano-vfprintf.o)
 .riscv.attributes
                0x0000000000000616       0x2b e:/gd32/gd32embeddedbuilder_v1.5.2.30854/tools/nuclei_riscv_newlibc_prebuilt_win32_2022.04/gcc/bin/../lib/gcc/riscv-nuclei-elf/10.2.0/../../../../riscv-nuclei-elf/lib/rv32imac/ilp32\libg_nano.a(lib_a-nano-vfprintf_i.o)
 .riscv.attributes
                0x0000000000000641       0x2b e:/gd32/gd32embeddedbuilder_v1.5.2.30854/tools/nuclei_riscv_newlibc_prebuilt_win32_2022.04/gcc/bin/../lib/gcc/riscv-nuclei-elf/10.2.0/../../../../riscv-nuclei-elf/lib/rv32imac/ilp32\libg_nano.a(lib_a-reent.o)
 .riscv.attributes
                0x000000000000066c       0x2b e:/gd32/gd32embeddedbuilder_v1.5.2.30854/tools/nuclei_riscv_newlibc_prebuilt_win32_2022.04/gcc/bin/../lib/gcc/riscv-nuclei-elf/10.2.0/../../../../riscv-nuclei-elf/lib/rv32imac/ilp32\libg_nano.a(lib_a-sbrkr.o)
 .riscv.attributes
                0x0000000000000697       0x2b e:/gd32/gd32embeddedbuilder_v1.5.2.30854/tools/nuclei_riscv_newlibc_prebuilt_win32_2022.04/gcc/bin/../lib/gcc/riscv-nuclei-elf/10.2.0/../../../../riscv-nuclei-elf/lib/rv32imac/ilp32\libg_nano.a(lib_a-stdio.o)
 .riscv.attributes
                0x00000000000006c2       0x2b e:/gd32/gd32embeddedbuilder_v1.5.2.30854/tools/nuclei_riscv_newlibc_prebuilt_win32_2022.04/gcc/bin/../lib/gcc/riscv-nuclei-elf/10.2.0/../../../../riscv-nuclei-elf/lib/rv32imac/ilp32\libg_nano.a(lib_a-wbuf.o)
 .riscv.attributes
                0x00000000000006ed       0x2b e:/gd32/gd32embeddedbuilder_v1.5.2.30854/tools/nuclei_riscv_newlibc_prebuilt_win32_2022.04/gcc/bin/../lib/gcc/riscv-nuclei-elf/10.2.0/../../../../riscv-nuclei-elf/lib/rv32imac/ilp32\libg_nano.a(lib_a-wsetup.o)
 .riscv.attributes
                0x0000000000000718       0x2b e:/gd32/gd32embeddedbuilder_v1.5.2.30854/tools/nuclei_riscv_newlibc_prebuilt_win32_2022.04/gcc/bin/../lib/gcc/riscv-nuclei-elf/10.2.0/../../../../riscv-nuclei-elf/lib/rv32imac/ilp32\libg_nano.a(lib_a-closer.o)
 .riscv.attributes
                0x0000000000000743       0x2b e:/gd32/gd32embeddedbuilder_v1.5.2.30854/tools/nuclei_riscv_newlibc_prebuilt_win32_2022.04/gcc/bin/../lib/gcc/riscv-nuclei-elf/10.2.0/../../../../riscv-nuclei-elf/lib/rv32imac/ilp32\libg_nano.a(lib_a-fflush.o)
 .riscv.attributes
                0x000000000000076e       0x2b e:/gd32/gd32embeddedbuilder_v1.5.2.30854/tools/nuclei_riscv_newlibc_prebuilt_win32_2022.04/gcc/bin/../lib/gcc/riscv-nuclei-elf/10.2.0/../../../../riscv-nuclei-elf/lib/rv32imac/ilp32\libg_nano.a(lib_a-lseekr.o)
 .riscv.attributes
                0x0000000000000799       0x2b e:/gd32/gd32embeddedbuilder_v1.5.2.30854/tools/nuclei_riscv_newlibc_prebuilt_win32_2022.04/gcc/bin/../lib/gcc/riscv-nuclei-elf/10.2.0/../../../../riscv-nuclei-elf/lib/rv32imac/ilp32\libg_nano.a(lib_a-makebuf.o)
 .riscv.attributes
                0x00000000000007c4       0x2b e:/gd32/gd32embeddedbuilder_v1.5.2.30854/tools/nuclei_riscv_newlibc_prebuilt_win32_2022.04/gcc/bin/../lib/gcc/riscv-nuclei-elf/10.2.0/../../../../riscv-nuclei-elf/lib/rv32imac/ilp32\libg_nano.a(lib_a-memchr.o)
 .riscv.attributes
                0x00000000000007ef       0x2b e:/gd32/gd32embeddedbuilder_v1.5.2.30854/tools/nuclei_riscv_newlibc_prebuilt_win32_2022.04/gcc/bin/../lib/gcc/riscv-nuclei-elf/10.2.0/../../../../riscv-nuclei-elf/lib/rv32imac/ilp32\libg_nano.a(lib_a-mlock.o)
 .riscv.attributes
                0x000000000000081a       0x2b e:/gd32/gd32embeddedbuilder_v1.5.2.30854/tools/nuclei_riscv_newlibc_prebuilt_win32_2022.04/gcc/bin/../lib/gcc/riscv-nuclei-elf/10.2.0/../../../../riscv-nuclei-elf/lib/rv32imac/ilp32\libg_nano.a(lib_a-nano-freer.o)
 .riscv.attributes
                0x0000000000000845       0x2b e:/gd32/gd32embeddedbuilder_v1.5.2.30854/tools/nuclei_riscv_newlibc_prebuilt_win32_2022.04/gcc/bin/../lib/gcc/riscv-nuclei-elf/10.2.0/../../../../riscv-nuclei-elf/lib/rv32imac/ilp32\libg_nano.a(lib_a-readr.o)
 .riscv.attributes
                0x0000000000000870       0x2b e:/gd32/gd32embeddedbuilder_v1.5.2.30854/tools/nuclei_riscv_newlibc_prebuilt_win32_2022.04/gcc/bin/../lib/gcc/riscv-nuclei-elf/10.2.0/../../../../riscv-nuclei-elf/lib/rv32imac/ilp32\libg_nano.a(lib_a-fstatr.o)
 .riscv.attributes
                0x000000000000089b       0x2b e:/gd32/gd32embeddedbuilder_v1.5.2.30854/tools/nuclei_riscv_newlibc_prebuilt_win32_2022.04/gcc/bin/../lib/gcc/riscv-nuclei-elf/10.2.0/../../../../riscv-nuclei-elf/lib/rv32imac/ilp32\libg_nano.a(lib_a-isattyr.o)

.debug_frame    0x0000000000000000     0x1e64
 .debug_frame   0x0000000000000000      0x11c ./src/gd32vw553h_eval.o
 .debug_frame   0x000000000000011c       0x38 ./src/gd32vw55x_it.o
 .debug_frame   0x0000000000000154       0x54 ./src/main.o
 .debug_frame   0x00000000000001a8       0x80 ./src/systick.o
 .debug_frame   0x0000000000000228       0x5c ./Firmware/RISCV/stubs/close.o
 .debug_frame   0x0000000000000284       0x5c ./Firmware/RISCV/stubs/fstat.o
 .debug_frame   0x00000000000002e0       0x34 ./Firmware/RISCV/stubs/isatty.o
 .debug_frame   0x0000000000000314       0x5c ./Firmware/RISCV/stubs/lseek.o
 .debug_frame   0x0000000000000370       0x5c ./Firmware/RISCV/stubs/read.o
 .debug_frame   0x00000000000003cc       0x34 ./Firmware/RISCV/stubs/sbrk.o
 .debug_frame   0x0000000000000400       0x88 ./Firmware/RISCV/stubs/write.o
 .debug_frame   0x0000000000000488      0x100 ./Firmware/RISCV/env_Eclipse/handlers.o
 .debug_frame   0x0000000000000588       0xa8 ./Firmware/RISCV/env_Eclipse/init.o
 .debug_frame   0x0000000000000630      0x10c ./Firmware/GD32VW55x_standard_peripheral/Source/gd32vw55x_eclic.o
 .debug_frame   0x000000000000073c      0x1c0 ./Firmware/GD32VW55x_standard_peripheral/Source/gd32vw55x_exti.o
 .debug_frame   0x00000000000008fc      0x230 ./Firmware/GD32VW55x_standard_peripheral/Source/gd32vw55x_gpio.o
 .debug_frame   0x0000000000000b2c      0x700 ./Firmware/GD32VW55x_standard_peripheral/Source/gd32vw55x_rcu.o
 .debug_frame   0x000000000000122c      0x134 ./Firmware/GD32VW55x_standard_peripheral/Source/gd32vw55x_syscfg.o
 .debug_frame   0x0000000000001360      0xa14 ./Firmware/GD32VW55x_standard_peripheral/Source/gd32vw55x_usart.o
 .debug_frame   0x0000000000001d74       0xf0 ./Firmware/GD32VW55x_standard_peripheral/system_gd32vw55x.o
